{"timestamp":"2025-04-28T14:40:34.185712","level":"info","event":"DAG bundles loaded: dags-folder","logger":"airflow.dag_processing.bundles.manager.DagBundlesManager"}
{"timestamp":"2025-04-28T14:40:34.190715","level":"info","event":"Filling up the DagBag from /opt/airflow/dags/Newdag.py","logger":"airflow.models.dagbag.DagBag"}
{"timestamp":"2025-04-28T14:40:43.661172","level":"info","event":"Using categorical units to plot a list of strings that are all parsable as floats or dates. If these strings should be plotted as numbers, cast to the appropriate data type before plotting.","logger":"matplotlib.category"}
{"timestamp":"2025-04-28T14:40:43.662713","level":"info","event":"Using categorical units to plot a list of strings that are all parsable as floats or dates. If these strings should be plotted as numbers, cast to the appropriate data type before plotting.","logger":"matplotlib.category"}
{"timestamp":"2025-04-28T14:40:44.205069Z","level":"error","event":"2025/04/28 14:40:44 WARNING mlflow.utils.git_utils: Failed to import Git (the Git executable is probably not on your PATH), so Git SHA is not available. Error: Failed to initialize: Bad git executable.","chan":"stderr","logger":"task"}
{"timestamp":"2025-04-28T14:40:44.205601Z","level":"error","event":"The git executable must be specified in one of the following ways:","chan":"stderr","logger":"task"}
{"timestamp":"2025-04-28T14:40:44.206016Z","level":"error","event":"    - be included in your $PATH","chan":"stderr","logger":"task"}
{"timestamp":"2025-04-28T14:40:44.206431Z","level":"error","event":"    - be set via $GIT_PYTHON_GIT_EXECUTABLE","chan":"stderr","logger":"task"}
{"timestamp":"2025-04-28T14:40:44.206849Z","level":"error","event":"    - explicitly set via git.refresh(<full-path-to-git-executable>)","chan":"stderr","logger":"task"}
{"timestamp":"2025-04-28T14:40:44.207260Z","level":"error","event":"","chan":"stderr","logger":"task"}
{"timestamp":"2025-04-28T14:40:44.207687Z","level":"error","event":"All git commands will error until this is rectified.","chan":"stderr","logger":"task"}
{"timestamp":"2025-04-28T14:40:44.208009Z","level":"error","event":"","chan":"stderr","logger":"task"}
{"timestamp":"2025-04-28T14:40:44.208360Z","level":"error","event":"This initial message can be silenced or aggravated in the future by setting the","chan":"stderr","logger":"task"}
{"timestamp":"2025-04-28T14:40:44.208735Z","level":"error","event":"$GIT_PYTHON_REFRESH environment variable. Use one of the following values:","chan":"stderr","logger":"task"}
{"timestamp":"2025-04-28T14:40:44.209187Z","level":"error","event":"    - quiet|q|silence|s|silent|none|n|0: for no message or exception","chan":"stderr","logger":"task"}
{"timestamp":"2025-04-28T14:40:44.209572Z","level":"error","event":"    - warn|w|warning|log|l|1: for a warning message (logging level CRITICAL, displayed by default)","chan":"stderr","logger":"task"}
{"timestamp":"2025-04-28T14:40:44.209912Z","level":"error","event":"    - error|e|exception|raise|r|2: for a raised exception","chan":"stderr","logger":"task"}
{"timestamp":"2025-04-28T14:40:44.210254Z","level":"error","event":"","chan":"stderr","logger":"task"}
{"timestamp":"2025-04-28T14:40:44.210619Z","level":"error","event":"Example:","chan":"stderr","logger":"task"}
{"timestamp":"2025-04-28T14:40:44.210920Z","level":"error","event":"    export GIT_PYTHON_REFRESH=quiet","chan":"stderr","logger":"task"}
{"timestamp":"2025-04-28T14:40:44.211271Z","level":"error","event":"","chan":"stderr","logger":"task"}
{"timestamp":"2025-04-28T14:40:45.966044","level":"warning","event":"/home/airflow/.local/lib/python3.12/site-packages/joblib/parallel.py:1359: UserWarning: Loky-backed parallel loops cannot be called in a multiprocessing, setting n_jobs=1\n  n_jobs = self._backend.configure(n_jobs=self.n_jobs, parallel=self,\n","logger":"py.warnings"}
{"timestamp":"2025-04-28T14:40:45.967880Z","level":"info","event":"Fitting 3 folds for each of 20 candidates, totalling 60 fits","chan":"stdout","logger":"task"}
{"timestamp":"2025-04-28T14:40:50.964701Z","level":"info","event":"[CV] END clf__contamination=0.005, clf__max_features=1.0, clf__max_samples=0.8, clf__n_estimators=50; total time=   4.4s","chan":"stdout","logger":"task"}
{"timestamp":"2025-04-28T14:40:57.305258Z","level":"info","event":"[CV] END clf__contamination=0.005, clf__max_features=1.0, clf__max_samples=0.8, clf__n_estimators=50; total time=   2.9s","chan":"stdout","logger":"task"}
{"timestamp":"2025-04-28T14:41:01.411986Z","level":"info","event":"[CV] END clf__contamination=0.005, clf__max_features=1.0, clf__max_samples=0.8, clf__n_estimators=50; total time=   3.3s","chan":"stdout","logger":"task"}
{"timestamp":"2025-04-28T14:41:02.875405Z","level":"info","event":"[CV] END clf__contamination=0.001, clf__max_features=1.0, clf__max_samples=auto, clf__n_estimators=50; total time=   0.9s","chan":"stdout","logger":"task"}
{"timestamp":"2025-04-28T14:41:04.600922Z","level":"info","event":"[CV] END clf__contamination=0.001, clf__max_features=1.0, clf__max_samples=auto, clf__n_estimators=50; total time=   1.2s","chan":"stdout","logger":"task"}
{"timestamp":"2025-04-28T14:41:05.691894Z","level":"info","event":"[CV] END clf__contamination=0.001, clf__max_features=1.0, clf__max_samples=auto, clf__n_estimators=50; total time=   0.7s","chan":"stdout","logger":"task"}
{"timestamp":"2025-04-28T14:41:11.517445Z","level":"info","event":"[CV] END clf__contamination=0.001, clf__max_features=0.5, clf__max_samples=0.8, clf__n_estimators=100; total time=   4.7s","chan":"stdout","logger":"task"}
{"timestamp":"2025-04-28T14:41:17.437422Z","level":"info","event":"[CV] END clf__contamination=0.001, clf__max_features=0.5, clf__max_samples=0.8, clf__n_estimators=100; total time=   4.5s","chan":"stdout","logger":"task"}
{"timestamp":"2025-04-28T14:41:24.220026Z","level":"info","event":"[CV] END clf__contamination=0.001, clf__max_features=0.5, clf__max_samples=0.8, clf__n_estimators=100; total time=   5.7s","chan":"stdout","logger":"task"}
{"timestamp":"2025-04-28T14:41:32.671848Z","level":"info","event":"[CV] END clf__contamination=0.005, clf__max_features=1.0, clf__max_samples=0.8, clf__n_estimators=100; total time=   7.4s","chan":"stdout","logger":"task"}
{"timestamp":"2025-04-28T14:41:40.954058Z","level":"info","event":"[CV] END clf__contamination=0.005, clf__max_features=1.0, clf__max_samples=0.8, clf__n_estimators=100; total time=   5.6s","chan":"stdout","logger":"task"}
{"timestamp":"2025-04-28T14:41:54.796769Z","level":"info","event":"[CV] END clf__contamination=0.005, clf__max_features=1.0, clf__max_samples=0.8, clf__n_estimators=100; total time=  12.3s","chan":"stdout","logger":"task"}
{"timestamp":"2025-04-28T14:41:56.419680Z","level":"info","event":"[CV] END clf__contamination=0.001, clf__max_features=0.5, clf__max_samples=auto, clf__n_estimators=50; total time=   1.3s","chan":"stdout","logger":"task"}
{"timestamp":"2025-04-28T14:41:57.862359Z","level":"info","event":"[CV] END clf__contamination=0.001, clf__max_features=0.5, clf__max_samples=auto, clf__n_estimators=50; total time=   0.9s","chan":"stdout","logger":"task"}
{"timestamp":"2025-04-28T14:41:59.378437Z","level":"info","event":"[CV] END clf__contamination=0.001, clf__max_features=0.5, clf__max_samples=auto, clf__n_estimators=50; total time=   1.2s","chan":"stdout","logger":"task"}
{"timestamp":"2025-04-28T14:42:04.103477Z","level":"info","event":"[CV] END clf__contamination=0.005, clf__max_features=1.0, clf__max_samples=auto, clf__n_estimators=100; total time=   4.1s","chan":"stdout","logger":"task"}
{"timestamp":"2025-04-28T14:42:06.244478Z","level":"info","event":"[CV] END clf__contamination=0.005, clf__max_features=1.0, clf__max_samples=auto, clf__n_estimators=100; total time=   1.5s","chan":"stdout","logger":"task"}
{"timestamp":"2025-04-28T14:42:08.001731Z","level":"info","event":"[CV] END clf__contamination=0.005, clf__max_features=1.0, clf__max_samples=auto, clf__n_estimators=100; total time=   1.2s","chan":"stdout","logger":"task"}
{"timestamp":"2025-04-28T14:42:10.557784Z","level":"info","event":"[CV] END clf__contamination=0.001, clf__max_features=0.8, clf__max_samples=auto, clf__n_estimators=100; total time=   1.7s","chan":"stdout","logger":"task"}
{"timestamp":"2025-04-28T14:42:13.164869Z","level":"info","event":"[CV] END clf__contamination=0.001, clf__max_features=0.8, clf__max_samples=auto, clf__n_estimators=100; total time=   1.7s","chan":"stdout","logger":"task"}
{"timestamp":"2025-04-28T14:42:15.929866Z","level":"info","event":"[CV] END clf__contamination=0.001, clf__max_features=0.8, clf__max_samples=auto, clf__n_estimators=100; total time=   2.0s","chan":"stdout","logger":"task"}
{"timestamp":"2025-04-28T14:42:23.173401Z","level":"info","event":"[CV] END clf__contamination=0.01, clf__max_features=0.8, clf__max_samples=0.5, clf__n_estimators=100; total time=   5.1s","chan":"stdout","logger":"task"}
{"timestamp":"2025-04-28T14:42:29.272054Z","level":"info","event":"[CV] END clf__contamination=0.01, clf__max_features=0.8, clf__max_samples=0.5, clf__n_estimators=100; total time=   4.9s","chan":"stdout","logger":"task"}
{"timestamp":"2025-04-28T14:42:37.556324Z","level":"info","event":"[CV] END clf__contamination=0.01, clf__max_features=0.8, clf__max_samples=0.5, clf__n_estimators=100; total time=   7.0s","chan":"stdout","logger":"task"}
{"timestamp":"2025-04-28T14:42:46.256121Z","level":"info","event":"[CV] END clf__contamination=0.001, clf__max_features=1.0, clf__max_samples=0.8, clf__n_estimators=100; total time=   7.3s","chan":"stdout","logger":"task"}
{"timestamp":"2025-04-28T14:42:53.887772Z","level":"info","event":"[CV] END clf__contamination=0.001, clf__max_features=1.0, clf__max_samples=0.8, clf__n_estimators=100; total time=   6.1s","chan":"stdout","logger":"task"}
{"timestamp":"2025-04-28T14:43:02.327039Z","level":"info","event":"[CV] END clf__contamination=0.001, clf__max_features=1.0, clf__max_samples=0.8, clf__n_estimators=100; total time=   6.3s","chan":"stdout","logger":"task"}
{"timestamp":"2025-04-28T14:43:09.700557Z","level":"info","event":"[CV] END clf__contamination=0.001, clf__max_features=0.8, clf__max_samples=0.8, clf__n_estimators=50; total time=   6.6s","chan":"stdout","logger":"task"}
{"timestamp":"2025-04-28T14:43:13.885066Z","level":"info","event":"[CV] END clf__contamination=0.001, clf__max_features=0.8, clf__max_samples=0.8, clf__n_estimators=50; total time=   3.4s","chan":"stdout","logger":"task"}
{"timestamp":"2025-04-28T14:43:16.851235Z","level":"info","event":"[CV] END clf__contamination=0.001, clf__max_features=0.8, clf__max_samples=0.8, clf__n_estimators=50; total time=   2.4s","chan":"stdout","logger":"task"}
{"timestamp":"2025-04-28T14:43:23.546062Z","level":"info","event":"[CV] END clf__contamination=0.005, clf__max_features=0.5, clf__max_samples=0.8, clf__n_estimators=100; total time=   4.9s","chan":"stdout","logger":"task"}
{"timestamp":"2025-04-28T14:43:31.469576Z","level":"info","event":"[CV] END clf__contamination=0.005, clf__max_features=0.5, clf__max_samples=0.8, clf__n_estimators=100; total time=   6.3s","chan":"stdout","logger":"task"}
{"timestamp":"2025-04-28T14:43:37.353041Z","level":"info","event":"[CV] END clf__contamination=0.005, clf__max_features=0.5, clf__max_samples=0.8, clf__n_estimators=100; total time=   4.7s","chan":"stdout","logger":"task"}
{"timestamp":"2025-04-28T14:43:42.791504Z","level":"info","event":"[CV] END clf__contamination=0.005, clf__max_features=1.0, clf__max_samples=0.5, clf__n_estimators=50; total time=   4.9s","chan":"stdout","logger":"task"}
{"timestamp":"2025-04-28T14:43:46.076586Z","level":"info","event":"[CV] END clf__contamination=0.005, clf__max_features=1.0, clf__max_samples=0.5, clf__n_estimators=50; total time=   2.6s","chan":"stdout","logger":"task"}
{"timestamp":"2025-04-28T14:43:48.863017Z","level":"info","event":"[CV] END clf__contamination=0.005, clf__max_features=1.0, clf__max_samples=0.5, clf__n_estimators=50; total time=   2.2s","chan":"stdout","logger":"task"}
{"timestamp":"2025-04-28T14:43:56.130286Z","level":"info","event":"[CV] END clf__contamination=0.01, clf__max_features=0.8, clf__max_samples=0.8, clf__n_estimators=100; total time=   5.8s","chan":"stdout","logger":"task"}
{"timestamp":"2025-04-28T14:44:02.780110Z","level":"info","event":"[CV] END clf__contamination=0.01, clf__max_features=0.8, clf__max_samples=0.8, clf__n_estimators=100; total time=   5.1s","chan":"stdout","logger":"task"}
{"timestamp":"2025-04-28T14:44:15.767183Z","level":"info","event":"[CV] END clf__contamination=0.01, clf__max_features=0.8, clf__max_samples=0.8, clf__n_estimators=100; total time=   7.6s","chan":"stdout","logger":"task"}
{"timestamp":"2025-04-28T14:44:31.848152Z","level":"info","event":"[CV] END clf__contamination=0.005, clf__max_features=1.0, clf__max_samples=0.5, clf__n_estimators=200; total time=  12.8s","chan":"stdout","logger":"task"}
{"timestamp":"2025-04-28T14:44:47.421052Z","level":"info","event":"[CV] END clf__contamination=0.005, clf__max_features=1.0, clf__max_samples=0.5, clf__n_estimators=200; total time=  10.5s","chan":"stdout","logger":"task"}
{"timestamp":"2025-04-28T14:44:57.666183Z","level":"info","event":"[CV] END clf__contamination=0.005, clf__max_features=1.0, clf__max_samples=0.5, clf__n_estimators=200; total time=   8.3s","chan":"stdout","logger":"task"}
{"timestamp":"2025-04-28T14:45:12.739862Z","level":"info","event":"[CV] END clf__contamination=0.01, clf__max_features=0.8, clf__max_samples=0.8, clf__n_estimators=200; total time=  12.2s","chan":"stdout","logger":"task"}
{"timestamp":"2025-04-28T14:45:27.195422Z","level":"info","event":"[CV] END clf__contamination=0.01, clf__max_features=0.8, clf__max_samples=0.8, clf__n_estimators=200; total time=  12.2s","chan":"stdout","logger":"task"}
{"timestamp":"2025-04-28T14:45:42.555640Z","level":"info","event":"[CV] END clf__contamination=0.01, clf__max_features=0.8, clf__max_samples=0.8, clf__n_estimators=200; total time=  12.6s","chan":"stdout","logger":"task"}
{"timestamp":"2025-04-28T14:45:44.531075Z","level":"info","event":"[CV] END clf__contamination=0.005, clf__max_features=0.5, clf__max_samples=auto, clf__n_estimators=50; total time=   1.4s","chan":"stdout","logger":"task"}
{"timestamp":"2025-04-28T14:45:46.449594Z","level":"info","event":"[CV] END clf__contamination=0.005, clf__max_features=0.5, clf__max_samples=auto, clf__n_estimators=50; total time=   1.3s","chan":"stdout","logger":"task"}
{"timestamp":"2025-04-28T14:45:48.445312Z","level":"info","event":"[CV] END clf__contamination=0.005, clf__max_features=0.5, clf__max_samples=auto, clf__n_estimators=50; total time=   1.4s","chan":"stdout","logger":"task"}
{"timestamp":"2025-04-28T14:45:53.995651Z","level":"info","event":"[CV] END clf__contamination=0.01, clf__max_features=0.5, clf__max_samples=auto, clf__n_estimators=100; total time=   4.8s","chan":"stdout","logger":"task"}
{"timestamp":"2025-04-28T14:45:56.391382Z","level":"info","event":"[CV] END clf__contamination=0.01, clf__max_features=0.5, clf__max_samples=auto, clf__n_estimators=100; total time=   1.7s","chan":"stdout","logger":"task"}
{"timestamp":"2025-04-28T14:45:58.677594Z","level":"info","event":"[CV] END clf__contamination=0.01, clf__max_features=0.5, clf__max_samples=auto, clf__n_estimators=100; total time=   1.6s","chan":"stdout","logger":"task"}
{"timestamp":"2025-04-28T14:46:03.703902Z","level":"info","event":"[CV] END clf__contamination=0.01, clf__max_features=1.0, clf__max_samples=0.5, clf__n_estimators=100; total time=   3.9s","chan":"stdout","logger":"task"}
{"timestamp":"2025-04-28T14:46:08.740195Z","level":"info","event":"[CV] END clf__contamination=0.01, clf__max_features=1.0, clf__max_samples=0.5, clf__n_estimators=100; total time=   3.8s","chan":"stdout","logger":"task"}
{"timestamp":"2025-04-28T14:46:15.844147Z","level":"info","event":"[CV] END clf__contamination=0.01, clf__max_features=1.0, clf__max_samples=0.5, clf__n_estimators=100; total time=   5.6s","chan":"stdout","logger":"task"}
{"timestamp":"2025-04-28T14:46:18.724271Z","level":"info","event":"[CV] END clf__contamination=0.01, clf__max_features=1.0, clf__max_samples=auto, clf__n_estimators=100; total time=   1.9s","chan":"stdout","logger":"task"}
{"timestamp":"2025-04-28T14:46:24.476551Z","level":"info","event":"[CV] END clf__contamination=0.01, clf__max_features=1.0, clf__max_samples=auto, clf__n_estimators=100; total time=   2.1s","chan":"stdout","logger":"task"}
{"timestamp":"2025-04-28T14:46:28.226674Z","level":"info","event":"[CV] END clf__contamination=0.01, clf__max_features=1.0, clf__max_samples=auto, clf__n_estimators=100; total time=   2.6s","chan":"stdout","logger":"task"}
{"timestamp":"2025-04-28T14:46:37.369287Z","level":"info","event":"[CV] END clf__contamination=0.005, clf__max_features=0.8, clf__max_samples=0.8, clf__n_estimators=100; total time=   8.0s","chan":"stdout","logger":"task"}
{"timestamp":"2025-04-28T14:46:44.207850Z","level":"info","event":"[CV] END clf__contamination=0.005, clf__max_features=0.8, clf__max_samples=0.8, clf__n_estimators=100; total time=   5.5s","chan":"stdout","logger":"task"}
{"timestamp":"2025-04-28T14:46:50.729741Z","level":"info","event":"[CV] END clf__contamination=0.005, clf__max_features=0.8, clf__max_samples=0.8, clf__n_estimators=100; total time=   5.3s","chan":"stdout","logger":"task"}
{"timestamp":"2025-04-28T14:47:02.263044","level":"warning","event":"/home/airflow/.local/lib/python3.12/site-packages/sklearn/base.py:486: UserWarning: X has feature names, but IsolationForest was fitted without feature names\n  warnings.warn(\n","logger":"py.warnings"}
{"timestamp":"2025-04-28T14:47:03.384396","level":"warning","event":"/home/airflow/.local/lib/python3.12/site-packages/sklearn/base.py:486: UserWarning: X has feature names, but IsolationForest was fitted without feature names\n  warnings.warn(\n","logger":"py.warnings"}
{"timestamp":"2025-04-28T14:47:25.704245Z","level":"error","event":"\rDownloading artifacts:   0%|          | 0/7 [00:00<?, ?it/s]\rDownloading artifacts:  14%|█▍        | 1/7 [00:00<00:00, 269.50it/s]\rDownloading artifacts:  29%|██▊       | 2/7 [00:00<00:00, 476.03it/s]\rDownloading artifacts:  43%|████▎     | 3/7 [00:00<00:00, 694.96it/s]\rDownloading artifacts:  57%|█████▋    | 4/7 [00:00<00:00, 903.90it/s]\rDownloading artifacts:  71%|███████▏  | 5/7 [00:00<00:00, 1094.26it/s]\rDownloading artifacts:  86%|████████▌ | 6/7 [00:00<00:00, 1289.17it/s]\rDownloading artifacts: 100%|██████████| 7/7 [00:00<00:00, 38.52it/s]  \rDownloading artifacts: 100%|██████████| 7/7 [00:00<00:00, 38.52it/s]\rDownloading artifacts: 100%|██████████| 7/7 [00:00<00:00, 38.42it/s]","chan":"stderr","logger":"task"}
{"timestamp":"2025-04-28T14:47:25.858420Z","level":"info","event":" Best params: {'clf__n_estimators': 100, 'clf__max_samples': 0.8, 'clf__max_features': 0.5, 'clf__contamination': 0.005}","chan":"stdout","logger":"task"}
{"timestamp":"2025-04-28T14:47:26.004651","level":"info","event":"Done. Returned value was: None","logger":"airflow.task.operators.airflow.providers.standard.operators.python.PythonOperator"}
