{"timestamp":"2025-04-29T09:35:03.140506","level":"info","event":"Filling up the DagBag from /opt/airflow/dags/Newdag.py","logger":"airflow.models.dagbag.DagBag"}
{"timestamp":"2025-04-29T09:35:59.192157","level":"info","event":"Filling up the DagBag from /opt/airflow/dags/Newdag.py","logger":"airflow.models.dagbag.DagBag"}
{"timestamp":"2025-04-29T09:36:50.383110","level":"info","event":"Filling up the DagBag from /opt/airflow/dags/Newdag.py","logger":"airflow.models.dagbag.DagBag"}
{"timestamp":"2025-04-29T09:37:36.997846","level":"info","event":"Filling up the DagBag from /opt/airflow/dags/Newdag.py","logger":"airflow.models.dagbag.DagBag"}
{"timestamp":"2025-04-29T09:38:11.201010","level":"info","event":"Filling up the DagBag from /opt/airflow/dags/Newdag.py","logger":"airflow.models.dagbag.DagBag"}
{"timestamp":"2025-04-29T09:38:47.865037","level":"info","event":"Filling up the DagBag from /opt/airflow/dags/Newdag.py","logger":"airflow.models.dagbag.DagBag"}
{"timestamp":"2025-04-29T09:39:24.989307","level":"info","event":"Filling up the DagBag from /opt/airflow/dags/Newdag.py","logger":"airflow.models.dagbag.DagBag"}
{"timestamp":"2025-04-29T09:39:59.901682","level":"info","event":"Filling up the DagBag from /opt/airflow/dags/Newdag.py","logger":"airflow.models.dagbag.DagBag"}
{"timestamp":"2025-04-29T09:40:32.905444","level":"info","event":"Filling up the DagBag from /opt/airflow/dags/Newdag.py","logger":"airflow.models.dagbag.DagBag"}
{"timestamp":"2025-04-29T09:41:06.900379","level":"info","event":"Filling up the DagBag from /opt/airflow/dags/Newdag.py","logger":"airflow.models.dagbag.DagBag"}
{"timestamp":"2025-04-29T09:41:40.648863","level":"info","event":"Filling up the DagBag from /opt/airflow/dags/Newdag.py","logger":"airflow.models.dagbag.DagBag"}
{"timestamp":"2025-04-29T09:42:15.603742","level":"info","event":"Filling up the DagBag from /opt/airflow/dags/Newdag.py","logger":"airflow.models.dagbag.DagBag"}
{"timestamp":"2025-04-29T09:42:55.803242","level":"info","event":"Filling up the DagBag from /opt/airflow/dags/Newdag.py","logger":"airflow.models.dagbag.DagBag"}
{"timestamp":"2025-04-29T09:43:38.465416","level":"info","event":"Filling up the DagBag from /opt/airflow/dags/Newdag.py","logger":"airflow.models.dagbag.DagBag"}
{"timestamp":"2025-04-29T09:44:16.466732","level":"info","event":"Filling up the DagBag from /opt/airflow/dags/Newdag.py","logger":"airflow.models.dagbag.DagBag"}
{"timestamp":"2025-04-29T09:44:50.765991","level":"info","event":"Filling up the DagBag from /opt/airflow/dags/Newdag.py","logger":"airflow.models.dagbag.DagBag"}
{"timestamp":"2025-04-29T09:45:22.869531","level":"info","event":"Filling up the DagBag from /opt/airflow/dags/Newdag.py","logger":"airflow.models.dagbag.DagBag"}
{"timestamp":"2025-04-29T09:45:55.236491","level":"info","event":"Filling up the DagBag from /opt/airflow/dags/Newdag.py","logger":"airflow.models.dagbag.DagBag"}
{"timestamp":"2025-04-29T09:46:26.984075","level":"info","event":"Filling up the DagBag from /opt/airflow/dags/Newdag.py","logger":"airflow.models.dagbag.DagBag"}
{"timestamp":"2025-04-29T09:47:02.893575","level":"info","event":"Filling up the DagBag from /opt/airflow/dags/Newdag.py","logger":"airflow.models.dagbag.DagBag"}
{"timestamp":"2025-04-29T09:48:39.889603","level":"info","event":"Filling up the DagBag from /opt/airflow/dags/Newdag.py","logger":"airflow.models.dagbag.DagBag"}
{"timestamp":"2025-04-29T09:49:45.951264","level":"info","event":"Filling up the DagBag from /opt/airflow/dags/Newdag.py","logger":"airflow.models.dagbag.DagBag"}
{"timestamp":"2025-04-29T09:50:52.596030","level":"info","event":"Filling up the DagBag from /opt/airflow/dags/Newdag.py","logger":"airflow.models.dagbag.DagBag"}
{"timestamp":"2025-04-29T09:51:22.823271","level":"info","event":"Filling up the DagBag from /opt/airflow/dags/Newdag.py","logger":"airflow.models.dagbag.DagBag"}
{"timestamp":"2025-04-29T09:51:54.932300","level":"info","event":"Filling up the DagBag from /opt/airflow/dags/Newdag.py","logger":"airflow.models.dagbag.DagBag"}
{"timestamp":"2025-04-29T09:52:59.842584","level":"info","event":"Filling up the DagBag from /opt/airflow/dags/Newdag.py","logger":"airflow.models.dagbag.DagBag"}
{"timestamp":"2025-04-29T09:53:32.988923","level":"info","event":"Filling up the DagBag from /opt/airflow/dags/Newdag.py","logger":"airflow.models.dagbag.DagBag"}
{"timestamp":"2025-04-29T09:55:11.002540","level":"info","event":"Filling up the DagBag from /opt/airflow/dags/Newdag.py","logger":"airflow.models.dagbag.DagBag"}
{"timestamp":"2025-04-29T09:55:43.258626","level":"info","event":"Filling up the DagBag from /opt/airflow/dags/Newdag.py","logger":"airflow.models.dagbag.DagBag"}
{"timestamp":"2025-04-29T09:56:49.320284","level":"info","event":"Filling up the DagBag from /opt/airflow/dags/Newdag.py","logger":"airflow.models.dagbag.DagBag"}
{"timestamp":"2025-04-29T09:57:20.077087","level":"info","event":"Filling up the DagBag from /opt/airflow/dags/Newdag.py","logger":"airflow.models.dagbag.DagBag"}
{"timestamp":"2025-04-29T09:57:50.982499","level":"info","event":"Filling up the DagBag from /opt/airflow/dags/Newdag.py","logger":"airflow.models.dagbag.DagBag"}
{"timestamp":"2025-04-29T09:59:32.353796","level":"info","event":"Filling up the DagBag from /opt/airflow/dags/Newdag.py","logger":"airflow.models.dagbag.DagBag"}
{"timestamp":"2025-04-29T10:00:05.335360","level":"info","event":"Filling up the DagBag from /opt/airflow/dags/Newdag.py","logger":"airflow.models.dagbag.DagBag"}
{"timestamp":"2025-04-29T10:00:38.295583","level":"info","event":"Filling up the DagBag from /opt/airflow/dags/Newdag.py","logger":"airflow.models.dagbag.DagBag"}
{"timestamp":"2025-04-29T10:01:10.497626","level":"info","event":"Filling up the DagBag from /opt/airflow/dags/Newdag.py","logger":"airflow.models.dagbag.DagBag"}
{"timestamp":"2025-04-29T10:02:47.105157","level":"info","event":"Filling up the DagBag from /opt/airflow/dags/Newdag.py","logger":"airflow.models.dagbag.DagBag"}
{"timestamp":"2025-04-29T10:04:19.210486","level":"info","event":"Filling up the DagBag from /opt/airflow/dags/Newdag.py","logger":"airflow.models.dagbag.DagBag"}
{"timestamp":"2025-04-29T10:05:50.068347","level":"info","event":"Filling up the DagBag from /opt/airflow/dags/Newdag.py","logger":"airflow.models.dagbag.DagBag"}
{"timestamp":"2025-04-29T10:06:24.692395","level":"info","event":"Filling up the DagBag from /opt/airflow/dags/Newdag.py","logger":"airflow.models.dagbag.DagBag"}
{"timestamp":"2025-04-29T10:06:54.848400","level":"info","event":"Filling up the DagBag from /opt/airflow/dags/Newdag.py","logger":"airflow.models.dagbag.DagBag"}
{"timestamp":"2025-04-29T10:07:30.798739","level":"info","event":"Filling up the DagBag from /opt/airflow/dags/Newdag.py","logger":"airflow.models.dagbag.DagBag"}
{"timestamp":"2025-04-29T10:08:00.928435","level":"info","event":"Filling up the DagBag from /opt/airflow/dags/Newdag.py","logger":"airflow.models.dagbag.DagBag"}
{"timestamp":"2025-04-29T10:08:31.879744","level":"info","event":"Filling up the DagBag from /opt/airflow/dags/Newdag.py","logger":"airflow.models.dagbag.DagBag"}
{"timestamp":"2025-04-29T10:09:02.774094","level":"info","event":"Filling up the DagBag from /opt/airflow/dags/Newdag.py","logger":"airflow.models.dagbag.DagBag"}
{"timestamp":"2025-04-29T10:09:32.933487","level":"info","event":"Filling up the DagBag from /opt/airflow/dags/Newdag.py","logger":"airflow.models.dagbag.DagBag"}
{"timestamp":"2025-04-29T10:10:03.021630","level":"info","event":"Filling up the DagBag from /opt/airflow/dags/Newdag.py","logger":"airflow.models.dagbag.DagBag"}
{"timestamp":"2025-04-29T10:10:33.937583","level":"info","event":"Filling up the DagBag from /opt/airflow/dags/Newdag.py","logger":"airflow.models.dagbag.DagBag"}
{"timestamp":"2025-04-29T10:11:04.906941","level":"info","event":"Filling up the DagBag from /opt/airflow/dags/Newdag.py","logger":"airflow.models.dagbag.DagBag"}
{"timestamp":"2025-04-29T10:11:40.013371","level":"info","event":"Filling up the DagBag from /opt/airflow/dags/Newdag.py","logger":"airflow.models.dagbag.DagBag"}
{"timestamp":"2025-04-29T10:12:14.335840","level":"info","event":"Filling up the DagBag from /opt/airflow/dags/Newdag.py","logger":"airflow.models.dagbag.DagBag"}
{"timestamp":"2025-04-29T10:12:45.010186","level":"info","event":"Filling up the DagBag from /opt/airflow/dags/Newdag.py","logger":"airflow.models.dagbag.DagBag"}
{"timestamp":"2025-04-29T10:14:22.953921","level":"info","event":"Filling up the DagBag from /opt/airflow/dags/Newdag.py","logger":"airflow.models.dagbag.DagBag"}
{"timestamp":"2025-04-29T10:14:58.331103","level":"info","event":"Filling up the DagBag from /opt/airflow/dags/Newdag.py","logger":"airflow.models.dagbag.DagBag"}
{"timestamp":"2025-04-29T10:15:28.790801","level":"info","event":"Filling up the DagBag from /opt/airflow/dags/Newdag.py","logger":"airflow.models.dagbag.DagBag"}
{"timestamp":"2025-04-29T10:15:59.411131","level":"info","event":"Filling up the DagBag from /opt/airflow/dags/Newdag.py","logger":"airflow.models.dagbag.DagBag"}
{"timestamp":"2025-04-29T10:16:29.761864","level":"info","event":"Filling up the DagBag from /opt/airflow/dags/Newdag.py","logger":"airflow.models.dagbag.DagBag"}
{"timestamp":"2025-04-29T10:17:36.079535","level":"info","event":"Filling up the DagBag from /opt/airflow/dags/Newdag.py","logger":"airflow.models.dagbag.DagBag"}
{"timestamp":"2025-04-29T10:18:06.609831","level":"info","event":"Filling up the DagBag from /opt/airflow/dags/Newdag.py","logger":"airflow.models.dagbag.DagBag"}
{"timestamp":"2025-04-29T10:19:07.506514","level":"info","event":"Filling up the DagBag from /opt/airflow/dags/Newdag.py","logger":"airflow.models.dagbag.DagBag"}
{"timestamp":"2025-04-29T10:20:41.199287","level":"info","event":"Filling up the DagBag from /opt/airflow/dags/Newdag.py","logger":"airflow.models.dagbag.DagBag"}
{"timestamp":"2025-04-29T10:22:19.079517","level":"info","event":"Filling up the DagBag from /opt/airflow/dags/Newdag.py","logger":"airflow.models.dagbag.DagBag"}
{"timestamp":"2025-04-29T10:23:25.424143","level":"info","event":"Filling up the DagBag from /opt/airflow/dags/Newdag.py","logger":"airflow.models.dagbag.DagBag"}
{"timestamp":"2025-04-29T10:23:55.866911","level":"info","event":"Filling up the DagBag from /opt/airflow/dags/Newdag.py","logger":"airflow.models.dagbag.DagBag"}
{"timestamp":"2025-04-29T10:24:26.271091","level":"info","event":"Filling up the DagBag from /opt/airflow/dags/Newdag.py","logger":"airflow.models.dagbag.DagBag"}
{"timestamp":"2025-04-29T10:24:56.593939","level":"info","event":"Filling up the DagBag from /opt/airflow/dags/Newdag.py","logger":"airflow.models.dagbag.DagBag"}
{"timestamp":"2025-04-29T10:25:31.930031","level":"info","event":"Filling up the DagBag from /opt/airflow/dags/Newdag.py","logger":"airflow.models.dagbag.DagBag"}
{"timestamp":"2025-04-29T10:27:08.021060","level":"info","event":"Filling up the DagBag from /opt/airflow/dags/Newdag.py","logger":"airflow.models.dagbag.DagBag"}
{"timestamp":"2025-04-29T10:27:39.770473","level":"info","event":"Filling up the DagBag from /opt/airflow/dags/Newdag.py","logger":"airflow.models.dagbag.DagBag"}
{"timestamp":"2025-04-29T10:39:18.427425","level":"info","event":"Filling up the DagBag from /opt/airflow/dags/Newdag.py","logger":"airflow.models.dagbag.DagBag"}
{"timestamp":"2025-04-29T10:39:55.203159","level":"error","event":"Process timed out, PID: 46","logger":"airflow.utils.timeout.TimeoutPosix"}
{"timestamp":"2025-04-29T10:39:55.219531","level":"error","event":"Failed to import: /opt/airflow/dags/Newdag.py","logger":"airflow.models.dagbag.DagBag","error_detail":[{"exc_type":"AirflowTaskTimeout","exc_value":"DagBag import timeout for /opt/airflow/dags/Newdag.py after 30.0s.\nPlease take a look at these docs to improve your DAG import time:\n* https://airflow.apache.org/docs/apache-airflow/3.0.0/best-practices.html#top-level-python-code\n* https://airflow.apache.org/docs/apache-airflow/3.0.0/best-practices.html#reducing-dag-complexity, PID: 46","exc_notes":[],"syntax_error":null,"is_cause":false,"frames":[{"filename":"/home/airflow/.local/lib/python3.12/site-packages/airflow/models/dagbag.py","lineno":384,"name":"parse"},{"filename":"<frozen importlib._bootstrap_external>","lineno":999,"name":"exec_module"},{"filename":"<frozen importlib._bootstrap>","lineno":488,"name":"_call_with_frames_removed"},{"filename":"/opt/airflow/dags/Newdag.py","lineno":11,"name":"<module>"},{"filename":"/home/airflow/.local/lib/python3.12/site-packages/sklearn/__init__.py","lineno":84,"name":"<module>"},{"filename":"/home/airflow/.local/lib/python3.12/site-packages/sklearn/base.py","lineno":19,"name":"<module>"},{"filename":"/home/airflow/.local/lib/python3.12/site-packages/sklearn/utils/__init__.py","lineno":11,"name":"<module>"},{"filename":"/home/airflow/.local/lib/python3.12/site-packages/sklearn/utils/_chunking.py","lineno":8,"name":"<module>"},{"filename":"/home/airflow/.local/lib/python3.12/site-packages/sklearn/utils/_param_validation.py","lineno":14,"name":"<module>"},{"filename":"/home/airflow/.local/lib/python3.12/site-packages/sklearn/utils/validation.py","lineno":26,"name":"<module>"},{"filename":"/home/airflow/.local/lib/python3.12/site-packages/sklearn/utils/_array_api.py","lineno":11,"name":"<module>"},{"filename":"/home/airflow/.local/lib/python3.12/site-packages/sklearn/utils/fixes.py","lineno":21,"name":"<module>"},{"filename":"/home/airflow/.local/lib/python3.12/site-packages/scipy/stats/__init__.py","lineno":606,"name":"<module>"},{"filename":"/home/airflow/.local/lib/python3.12/site-packages/scipy/stats/_stats_py.py","lineno":49,"name":"<module>"},{"filename":"/home/airflow/.local/lib/python3.12/site-packages/scipy/stats/distributions.py","lineno":10,"name":"<module>"},{"filename":"/home/airflow/.local/lib/python3.12/site-packages/scipy/stats/_continuous_distns.py","lineno":6319,"name":"<module>"},{"filename":"/home/airflow/.local/lib/python3.12/site-packages/scipy/stats/_distn_infrastructure.py","lineno":1833,"name":"__init__"},{"filename":"/home/airflow/.local/lib/python3.12/site-packages/scipy/stats/_distn_infrastructure.py","lineno":1870,"name":"_attach_methods"},{"filename":"/home/airflow/.local/lib/python3.12/site-packages/airflow/utils/timeout.py","lineno":69,"name":"handle_timeout"}]}]}
{"timestamp":"2025-04-29T10:40:28.609992","level":"info","event":"Filling up the DagBag from /opt/airflow/dags/Newdag.py","logger":"airflow.models.dagbag.DagBag"}
{"timestamp":"2025-04-29T10:41:03.480973","level":"error","event":"Process timed out, PID: 69","logger":"airflow.utils.timeout.TimeoutPosix"}
{"timestamp":"2025-04-29T10:41:03.481932","level":"error","event":"Failed to import: /opt/airflow/dags/Newdag.py","logger":"airflow.models.dagbag.DagBag","error_detail":[{"exc_type":"AirflowTaskTimeout","exc_value":"DagBag import timeout for /opt/airflow/dags/Newdag.py after 30.0s.\nPlease take a look at these docs to improve your DAG import time:\n* https://airflow.apache.org/docs/apache-airflow/3.0.0/best-practices.html#top-level-python-code\n* https://airflow.apache.org/docs/apache-airflow/3.0.0/best-practices.html#reducing-dag-complexity, PID: 69","exc_notes":[],"syntax_error":null,"is_cause":false,"frames":[{"filename":"/home/airflow/.local/lib/python3.12/site-packages/airflow/models/dagbag.py","lineno":384,"name":"parse"},{"filename":"<frozen importlib._bootstrap_external>","lineno":999,"name":"exec_module"},{"filename":"<frozen importlib._bootstrap>","lineno":488,"name":"_call_with_frames_removed"},{"filename":"/opt/airflow/dags/Newdag.py","lineno":22,"name":"<module>"},{"filename":"/home/airflow/.local/lib/python3.12/site-packages/mlflow/__init__.py","lineno":35,"name":"<module>"},{"filename":"/home/airflow/.local/lib/python3.12/site-packages/mlflow/data/__init__.py","lineno":5,"name":"<module>"},{"filename":"/home/airflow/.local/lib/python3.12/site-packages/mlflow/data/dataset_registry.py","lineno":137,"name":"<module>"},{"filename":"/home/airflow/.local/lib/python3.12/site-packages/mlflow/data/pandas_dataset.py","lineno":12,"name":"<module>"},{"filename":"/home/airflow/.local/lib/python3.12/site-packages/mlflow/data/pyfunc_dataset_mixin.py","lineno":6,"name":"<module>"},{"filename":"/home/airflow/.local/lib/python3.12/site-packages/mlflow/models/__init__.py","lineno":77,"name":"<module>"},{"filename":"/home/airflow/.local/lib/python3.12/site-packages/mlflow/models/signature.py","lineno":22,"name":"<module>"},{"filename":"/home/airflow/.local/lib/python3.12/site-packages/mlflow/models/utils.py","lineno":50,"name":"<module>"},{"filename":"/home/airflow/.local/lib/python3.12/site-packages/pyspark/__init__.py","lineno":67,"name":"<module>"},{"filename":"/home/airflow/.local/lib/python3.12/site-packages/pyspark/taskcontext.py","lineno":261,"name":"<module>"},{"filename":"/usr/local/lib/python3.12/typing.py","lineno":392,"name":"inner"},{"filename":"/home/airflow/.local/lib/python3.12/site-packages/airflow/utils/timeout.py","lineno":69,"name":"handle_timeout"}]}]}
{"timestamp":"2025-04-29T10:41:36.550333","level":"info","event":"Filling up the DagBag from /opt/airflow/dags/Newdag.py","logger":"airflow.models.dagbag.DagBag"}
{"timestamp":"2025-04-29T10:42:40.004560","level":"info","event":"Filling up the DagBag from /opt/airflow/dags/Newdag.py","logger":"airflow.models.dagbag.DagBag"}
{"timestamp":"2025-04-29T10:43:20.465021","level":"info","event":"Filling up the DagBag from /opt/airflow/dags/Newdag.py","logger":"airflow.models.dagbag.DagBag"}
{"timestamp":"2025-04-29T10:43:55.689010","level":"info","event":"Filling up the DagBag from /opt/airflow/dags/Newdag.py","logger":"airflow.models.dagbag.DagBag"}
{"timestamp":"2025-04-29T10:44:29.699025","level":"info","event":"Filling up the DagBag from /opt/airflow/dags/Newdag.py","logger":"airflow.models.dagbag.DagBag"}
{"timestamp":"2025-04-29T10:45:05.224779","level":"info","event":"Filling up the DagBag from /opt/airflow/dags/Newdag.py","logger":"airflow.models.dagbag.DagBag"}
{"timestamp":"2025-04-29T10:45:41.601062","level":"info","event":"Filling up the DagBag from /opt/airflow/dags/Newdag.py","logger":"airflow.models.dagbag.DagBag"}
{"timestamp":"2025-04-29T10:46:16.779525","level":"info","event":"Filling up the DagBag from /opt/airflow/dags/Newdag.py","logger":"airflow.models.dagbag.DagBag"}
{"timestamp":"2025-04-29T11:51:08.340736","level":"info","event":"Filling up the DagBag from /opt/airflow/dags/Newdag.py","logger":"airflow.models.dagbag.DagBag"}
{"timestamp":"2025-04-29T11:51:38.532793","level":"error","event":"Process timed out, PID: 38","logger":"airflow.utils.timeout.TimeoutPosix"}
{"timestamp":"2025-04-29T11:51:38.533866","level":"error","event":"Failed to import: /opt/airflow/dags/Newdag.py","logger":"airflow.models.dagbag.DagBag","error_detail":[{"exc_type":"AirflowTaskTimeout","exc_value":"DagBag import timeout for /opt/airflow/dags/Newdag.py after 30.0s.\nPlease take a look at these docs to improve your DAG import time:\n* https://airflow.apache.org/docs/apache-airflow/3.0.0/best-practices.html#top-level-python-code\n* https://airflow.apache.org/docs/apache-airflow/3.0.0/best-practices.html#reducing-dag-complexity, PID: 38","exc_notes":[],"syntax_error":null,"is_cause":false,"frames":[{"filename":"/home/airflow/.local/lib/python3.12/site-packages/airflow/models/dagbag.py","lineno":384,"name":"parse"},{"filename":"<frozen importlib._bootstrap_external>","lineno":999,"name":"exec_module"},{"filename":"<frozen importlib._bootstrap>","lineno":488,"name":"_call_with_frames_removed"},{"filename":"/opt/airflow/dags/Newdag.py","lineno":22,"name":"<module>"},{"filename":"/home/airflow/.local/lib/python3.12/site-packages/mlflow/__init__.py","lineno":35,"name":"<module>"},{"filename":"/home/airflow/.local/lib/python3.12/site-packages/mlflow/data/__init__.py","lineno":5,"name":"<module>"},{"filename":"/home/airflow/.local/lib/python3.12/site-packages/mlflow/data/dataset_registry.py","lineno":137,"name":"<module>"},{"filename":"/home/airflow/.local/lib/python3.12/site-packages/mlflow/data/pandas_dataset.py","lineno":12,"name":"<module>"},{"filename":"/home/airflow/.local/lib/python3.12/site-packages/mlflow/data/pyfunc_dataset_mixin.py","lineno":6,"name":"<module>"},{"filename":"/home/airflow/.local/lib/python3.12/site-packages/mlflow/models/__init__.py","lineno":77,"name":"<module>"},{"filename":"/home/airflow/.local/lib/python3.12/site-packages/mlflow/models/signature.py","lineno":22,"name":"<module>"},{"filename":"/home/airflow/.local/lib/python3.12/site-packages/mlflow/models/utils.py","lineno":50,"name":"<module>"},{"filename":"/home/airflow/.local/lib/python3.12/site-packages/pyspark/__init__.py","lineno":68,"name":"<module>"},{"filename":"/home/airflow/.local/lib/python3.12/site-packages/pyspark/profiler.py","lineno":33,"name":"<module>"},{"filename":"<frozen importlib._bootstrap>","lineno":1360,"name":"_find_and_load"},{"filename":"<frozen importlib._bootstrap>","lineno":1331,"name":"_find_and_load_unlocked"},{"filename":"<frozen importlib._bootstrap>","lineno":935,"name":"_load_unlocked"},{"filename":"<frozen importlib._bootstrap_external>","lineno":995,"name":"exec_module"},{"filename":"<frozen importlib._bootstrap_external>","lineno":1143,"name":"get_code"},{"filename":"<frozen importlib._bootstrap_external>","lineno":774,"name":"_code_to_timestamp_pyc"},{"filename":"/home/airflow/.local/lib/python3.12/site-packages/airflow/utils/timeout.py","lineno":69,"name":"handle_timeout"}]}]}
{"timestamp":"2025-04-29T11:52:10.752410","level":"info","event":"Filling up the DagBag from /opt/airflow/dags/Newdag.py","logger":"airflow.models.dagbag.DagBag"}
{"timestamp":"2025-04-29T11:52:59.518657","level":"info","event":"Filling up the DagBag from /opt/airflow/dags/Newdag.py","logger":"airflow.models.dagbag.DagBag"}
{"timestamp":"2025-04-29T11:53:32.792916","level":"info","event":"Filling up the DagBag from /opt/airflow/dags/Newdag.py","logger":"airflow.models.dagbag.DagBag"}
{"timestamp":"2025-04-29T11:54:05.610954","level":"info","event":"Filling up the DagBag from /opt/airflow/dags/Newdag.py","logger":"airflow.models.dagbag.DagBag"}
{"timestamp":"2025-04-29T11:54:38.335821","level":"info","event":"Filling up the DagBag from /opt/airflow/dags/Newdag.py","logger":"airflow.models.dagbag.DagBag"}
{"timestamp":"2025-04-29T11:55:11.976413","level":"info","event":"Filling up the DagBag from /opt/airflow/dags/Newdag.py","logger":"airflow.models.dagbag.DagBag"}
{"timestamp":"2025-04-29T11:55:51.100184","level":"info","event":"Filling up the DagBag from /opt/airflow/dags/Newdag.py","logger":"airflow.models.dagbag.DagBag"}
{"timestamp":"2025-04-29T11:56:23.727338","level":"info","event":"Filling up the DagBag from /opt/airflow/dags/Newdag.py","logger":"airflow.models.dagbag.DagBag"}
{"timestamp":"2025-04-29T11:56:56.490289","level":"info","event":"Filling up the DagBag from /opt/airflow/dags/Newdag.py","logger":"airflow.models.dagbag.DagBag"}
{"timestamp":"2025-04-29T11:57:28.882991","level":"info","event":"Filling up the DagBag from /opt/airflow/dags/Newdag.py","logger":"airflow.models.dagbag.DagBag"}
{"timestamp":"2025-04-29T11:58:02.236595","level":"info","event":"Filling up the DagBag from /opt/airflow/dags/Newdag.py","logger":"airflow.models.dagbag.DagBag"}
{"timestamp":"2025-04-29T11:58:35.071702","level":"info","event":"Filling up the DagBag from /opt/airflow/dags/Newdag.py","logger":"airflow.models.dagbag.DagBag"}
{"timestamp":"2025-04-29T11:59:07.443753","level":"info","event":"Filling up the DagBag from /opt/airflow/dags/Newdag.py","logger":"airflow.models.dagbag.DagBag"}
{"timestamp":"2025-04-29T11:59:42.337692","level":"info","event":"Filling up the DagBag from /opt/airflow/dags/Newdag.py","logger":"airflow.models.dagbag.DagBag"}
{"timestamp":"2025-04-29T12:00:14.857639","level":"info","event":"Filling up the DagBag from /opt/airflow/dags/Newdag.py","logger":"airflow.models.dagbag.DagBag"}
{"timestamp":"2025-04-29T12:00:47.257679","level":"info","event":"Filling up the DagBag from /opt/airflow/dags/Newdag.py","logger":"airflow.models.dagbag.DagBag"}
{"timestamp":"2025-04-29T12:01:20.042267","level":"info","event":"Filling up the DagBag from /opt/airflow/dags/Newdag.py","logger":"airflow.models.dagbag.DagBag"}
{"timestamp":"2025-04-29T12:01:54.228386","level":"info","event":"Filling up the DagBag from /opt/airflow/dags/Newdag.py","logger":"airflow.models.dagbag.DagBag"}
{"timestamp":"2025-04-29T12:02:25.315502","level":"info","event":"Filling up the DagBag from /opt/airflow/dags/Newdag.py","logger":"airflow.models.dagbag.DagBag"}
{"timestamp":"2025-04-29T12:02:56.234461","level":"info","event":"Filling up the DagBag from /opt/airflow/dags/Newdag.py","logger":"airflow.models.dagbag.DagBag"}
{"timestamp":"2025-04-29T12:03:29.428924","level":"info","event":"Filling up the DagBag from /opt/airflow/dags/Newdag.py","logger":"airflow.models.dagbag.DagBag"}
{"timestamp":"2025-04-29T12:05:39.564015","level":"info","event":"Filling up the DagBag from /opt/airflow/dags/Newdag.py","logger":"airflow.models.dagbag.DagBag"}
{"timestamp":"2025-04-29T12:06:45.645911","level":"info","event":"Filling up the DagBag from /opt/airflow/dags/Newdag.py","logger":"airflow.models.dagbag.DagBag"}
{"timestamp":"2025-04-29T12:07:17.879370","level":"info","event":"Filling up the DagBag from /opt/airflow/dags/Newdag.py","logger":"airflow.models.dagbag.DagBag"}
{"timestamp":"2025-04-29T12:07:50.899807","level":"info","event":"Filling up the DagBag from /opt/airflow/dags/Newdag.py","logger":"airflow.models.dagbag.DagBag"}
{"timestamp":"2025-04-29T12:08:23.902779","level":"info","event":"Filling up the DagBag from /opt/airflow/dags/Newdag.py","logger":"airflow.models.dagbag.DagBag"}
{"timestamp":"2025-04-29T12:10:01.766045","level":"info","event":"Filling up the DagBag from /opt/airflow/dags/Newdag.py","logger":"airflow.models.dagbag.DagBag"}
{"timestamp":"2025-04-29T12:10:34.799891","level":"info","event":"Filling up the DagBag from /opt/airflow/dags/Newdag.py","logger":"airflow.models.dagbag.DagBag"}
{"timestamp":"2025-04-29T12:11:40.874261","level":"info","event":"Filling up the DagBag from /opt/airflow/dags/Newdag.py","logger":"airflow.models.dagbag.DagBag"}
{"timestamp":"2025-04-29T12:12:12.804535","level":"info","event":"Filling up the DagBag from /opt/airflow/dags/Newdag.py","logger":"airflow.models.dagbag.DagBag"}
{"timestamp":"2025-04-29T12:13:18.386208","level":"info","event":"Filling up the DagBag from /opt/airflow/dags/Newdag.py","logger":"airflow.models.dagbag.DagBag"}
{"timestamp":"2025-04-29T12:13:52.205648","level":"info","event":"Filling up the DagBag from /opt/airflow/dags/Newdag.py","logger":"airflow.models.dagbag.DagBag"}
{"timestamp":"2025-04-29T12:14:59.551679","level":"info","event":"Filling up the DagBag from /opt/airflow/dags/Newdag.py","logger":"airflow.models.dagbag.DagBag"}
{"timestamp":"2025-04-29T12:15:29.946170","level":"info","event":"Filling up the DagBag from /opt/airflow/dags/Newdag.py","logger":"airflow.models.dagbag.DagBag"}
{"timestamp":"2025-04-29T12:16:02.029451","level":"info","event":"Filling up the DagBag from /opt/airflow/dags/Newdag.py","logger":"airflow.models.dagbag.DagBag"}
{"timestamp":"2025-04-29T12:16:34.029441","level":"info","event":"Filling up the DagBag from /opt/airflow/dags/Newdag.py","logger":"airflow.models.dagbag.DagBag"}
{"timestamp":"2025-04-29T12:17:07.704818","level":"info","event":"Filling up the DagBag from /opt/airflow/dags/Newdag.py","logger":"airflow.models.dagbag.DagBag"}
{"timestamp":"2025-04-29T12:17:42.953027","level":"info","event":"Filling up the DagBag from /opt/airflow/dags/Newdag.py","logger":"airflow.models.dagbag.DagBag"}
{"timestamp":"2025-04-29T12:19:20.001027","level":"info","event":"Filling up the DagBag from /opt/airflow/dags/Newdag.py","logger":"airflow.models.dagbag.DagBag"}
{"timestamp":"2025-04-29T12:19:51.086425","level":"info","event":"Filling up the DagBag from /opt/airflow/dags/Newdag.py","logger":"airflow.models.dagbag.DagBag"}
{"timestamp":"2025-04-29T12:20:57.760148","level":"info","event":"Filling up the DagBag from /opt/airflow/dags/Newdag.py","logger":"airflow.models.dagbag.DagBag"}
{"timestamp":"2025-04-29T12:21:28.776433","level":"info","event":"Filling up the DagBag from /opt/airflow/dags/Newdag.py","logger":"airflow.models.dagbag.DagBag"}
{"timestamp":"2025-04-29T12:22:35.261363","level":"info","event":"Filling up the DagBag from /opt/airflow/dags/Newdag.py","logger":"airflow.models.dagbag.DagBag"}
{"timestamp":"2025-04-29T12:23:05.770924","level":"info","event":"Filling up the DagBag from /opt/airflow/dags/Newdag.py","logger":"airflow.models.dagbag.DagBag"}
{"timestamp":"2025-04-29T12:24:07.600821","level":"info","event":"Filling up the DagBag from /opt/airflow/dags/Newdag.py","logger":"airflow.models.dagbag.DagBag"}
{"timestamp":"2025-04-29T12:25:13.584347","level":"info","event":"Filling up the DagBag from /opt/airflow/dags/Newdag.py","logger":"airflow.models.dagbag.DagBag"}
{"timestamp":"2025-04-29T18:29:52.669796","level":"info","event":"Filling up the DagBag from /opt/airflow/dags/Newdag.py","logger":"airflow.models.dagbag.DagBag"}
{"timestamp":"2025-04-29T18:30:49.877395","level":"info","event":"Filling up the DagBag from /opt/airflow/dags/Newdag.py","logger":"airflow.models.dagbag.DagBag"}
{"timestamp":"2025-04-29T18:31:46.485032","level":"info","event":"Filling up the DagBag from /opt/airflow/dags/Newdag.py","logger":"airflow.models.dagbag.DagBag"}
{"timestamp":"2025-04-29T18:32:29.894594","level":"info","event":"Filling up the DagBag from /opt/airflow/dags/Newdag.py","logger":"airflow.models.dagbag.DagBag"}
{"timestamp":"2025-04-29T18:33:04.921302","level":"info","event":"Filling up the DagBag from /opt/airflow/dags/Newdag.py","logger":"airflow.models.dagbag.DagBag"}
{"timestamp":"2025-04-29T18:33:46.251376","level":"info","event":"Filling up the DagBag from /opt/airflow/dags/Newdag.py","logger":"airflow.models.dagbag.DagBag"}
{"timestamp":"2025-04-29T18:34:21.971336","level":"info","event":"Filling up the DagBag from /opt/airflow/dags/Newdag.py","logger":"airflow.models.dagbag.DagBag"}
{"timestamp":"2025-04-29T18:34:56.912637","level":"info","event":"Filling up the DagBag from /opt/airflow/dags/Newdag.py","logger":"airflow.models.dagbag.DagBag"}
{"timestamp":"2025-04-29T18:35:42.267333","level":"info","event":"Filling up the DagBag from /opt/airflow/dags/Newdag.py","logger":"airflow.models.dagbag.DagBag"}
{"timestamp":"2025-04-29T18:36:15.748894","level":"info","event":"Filling up the DagBag from /opt/airflow/dags/Newdag.py","logger":"airflow.models.dagbag.DagBag"}
{"timestamp":"2025-04-29T18:52:29.019828","level":"info","event":"Filling up the DagBag from /opt/airflow/dags/Newdag.py","logger":"airflow.models.dagbag.DagBag"}
{"timestamp":"2025-04-29T18:52:59.096673","level":"error","event":"Process timed out, PID: 45","logger":"airflow.utils.timeout.TimeoutPosix"}
{"timestamp":"2025-04-29T18:52:59.098254","level":"error","event":"Failed to import: /opt/airflow/dags/Newdag.py","logger":"airflow.models.dagbag.DagBag","error_detail":[{"exc_type":"AirflowTaskTimeout","exc_value":"DagBag import timeout for /opt/airflow/dags/Newdag.py after 30.0s.\nPlease take a look at these docs to improve your DAG import time:\n* https://airflow.apache.org/docs/apache-airflow/3.0.0/best-practices.html#top-level-python-code\n* https://airflow.apache.org/docs/apache-airflow/3.0.0/best-practices.html#reducing-dag-complexity, PID: 45","exc_notes":[],"syntax_error":null,"is_cause":false,"frames":[{"filename":"/home/airflow/.local/lib/python3.12/site-packages/airflow/models/dagbag.py","lineno":384,"name":"parse"},{"filename":"<frozen importlib._bootstrap_external>","lineno":999,"name":"exec_module"},{"filename":"<frozen importlib._bootstrap>","lineno":488,"name":"_call_with_frames_removed"},{"filename":"/opt/airflow/dags/Newdag.py","lineno":22,"name":"<module>"},{"filename":"/home/airflow/.local/lib/python3.12/site-packages/mlflow/__init__.py","lineno":35,"name":"<module>"},{"filename":"/home/airflow/.local/lib/python3.12/site-packages/mlflow/artifacts/__init__.py","lineno":12,"name":"<module>"},{"filename":"/home/airflow/.local/lib/python3.12/site-packages/mlflow/tracking/__init__.py","lineno":8,"name":"<module>"},{"filename":"/home/airflow/.local/lib/python3.12/site-packages/mlflow/tracking/_model_registry/utils.py","lineno":4,"name":"<module>"},{"filename":"/home/airflow/.local/lib/python3.12/site-packages/mlflow/store/__init__.py","lineno":1,"name":"<module>"},{"filename":"/home/airflow/.local/lib/python3.12/site-packages/mlflow/store/_unity_catalog/__init__.py","lineno":1,"name":"<module>"},{"filename":"/home/airflow/.local/lib/python3.12/site-packages/mlflow/store/_unity_catalog/registry/__init__.py","lineno":1,"name":"<module>"},{"filename":"/home/airflow/.local/lib/python3.12/site-packages/mlflow/store/_unity_catalog/registry/rest_store.py","lineno":9,"name":"<module>"},{"filename":"/home/airflow/.local/lib/python3.12/site-packages/mlflow/entities/__init__.py","lineno":24,"name":"<module>"},{"filename":"/home/airflow/.local/lib/python3.12/site-packages/mlflow/entities/span.py","lineno":7,"name":"<module>"},{"filename":"/home/airflow/.local/lib/python3.12/site-packages/opentelemetry/sdk/trace/__init__.py","lineno":44,"name":"<module>"},{"filename":"/home/airflow/.local/lib/python3.12/site-packages/opentelemetry/context/__init__.py","lineno":69,"name":"<module>"},{"filename":"/home/airflow/.local/lib/python3.12/site-packages/opentelemetry/context/__init__.py","lineno":47,"name":"_load_runtime_context"},{"filename":"/home/airflow/.local/lib/python3.12/site-packages/importlib_metadata/__init__.py","lineno":1039,"name":"entry_points"},{"filename":"/home/airflow/.local/lib/python3.12/site-packages/importlib_metadata/__init__.py","lineno":1037,"name":"<genexpr>"},{"filename":"/home/airflow/.local/lib/python3.12/site-packages/importlib_metadata/_itertools.py","lineno":16,"name":"unique_everseen"},{"filename":"/home/airflow/.local/lib/python3.12/site-packages/importlib_metadata/__init__.py","lineno":919,"name":"<genexpr>"},{"filename":"/home/airflow/.local/lib/python3.12/site-packages/importlib_metadata/__init__.py","lineno":778,"name":"search"},{"filename":"/home/airflow/.local/lib/python3.12/site-packages/importlib_metadata/__init__.py","lineno":783,"name":"mtime"},{"filename":"/home/airflow/.local/lib/python3.12/site-packages/airflow/utils/timeout.py","lineno":69,"name":"handle_timeout"}]}]}
