{"timestamp":"2025-04-28T13:38:59.808460","level":"info","event":"DAG bundles loaded: dags-folder","logger":"airflow.dag_processing.bundles.manager.DagBundlesManager"}
{"timestamp":"2025-04-28T13:38:59.813192","level":"info","event":"Filling up the DagBag from /opt/airflow/dags/Newdag.py","logger":"airflow.models.dagbag.DagBag"}
{"timestamp":"2025-04-28T13:39:19.209680Z","level":"error","event":"2025/04/28 13:39:19 INFO mlflow.tracking.fluent: Experiment with name 'FraudDetection' does not exist. Creating a new experiment.","chan":"stderr","logger":"task"}
{"timestamp":"2025-04-28T13:39:19.875141Z","level":"error","event":"2025/04/28 13:39:19 WARNING mlflow.utils.git_utils: Failed to import Git (the Git executable is probably not on your PATH), so Git SHA is not available. Error: Failed to initialize: Bad git executable.","chan":"stderr","logger":"task"}
{"timestamp":"2025-04-28T13:39:19.878767Z","level":"error","event":"The git executable must be specified in one of the following ways:","chan":"stderr","logger":"task"}
{"timestamp":"2025-04-28T13:39:19.880207Z","level":"error","event":"    - be included in your $PATH","chan":"stderr","logger":"task"}
{"timestamp":"2025-04-28T13:39:19.881124Z","level":"error","event":"    - be set via $GIT_PYTHON_GIT_EXECUTABLE","chan":"stderr","logger":"task"}
{"timestamp":"2025-04-28T13:39:19.881940Z","level":"error","event":"    - explicitly set via git.refresh(<full-path-to-git-executable>)","chan":"stderr","logger":"task"}
{"timestamp":"2025-04-28T13:39:19.882747Z","level":"error","event":"","chan":"stderr","logger":"task"}
{"timestamp":"2025-04-28T13:39:19.883429Z","level":"error","event":"All git commands will error until this is rectified.","chan":"stderr","logger":"task"}
{"timestamp":"2025-04-28T13:39:19.884129Z","level":"error","event":"","chan":"stderr","logger":"task"}
{"timestamp":"2025-04-28T13:39:19.884718Z","level":"error","event":"This initial message can be silenced or aggravated in the future by setting the","chan":"stderr","logger":"task"}
{"timestamp":"2025-04-28T13:39:19.885249Z","level":"error","event":"$GIT_PYTHON_REFRESH environment variable. Use one of the following values:","chan":"stderr","logger":"task"}
{"timestamp":"2025-04-28T13:39:19.885754Z","level":"error","event":"    - quiet|q|silence|s|silent|none|n|0: for no message or exception","chan":"stderr","logger":"task"}
{"timestamp":"2025-04-28T13:39:19.886218Z","level":"error","event":"    - warn|w|warning|log|l|1: for a warning message (logging level CRITICAL, displayed by default)","chan":"stderr","logger":"task"}
{"timestamp":"2025-04-28T13:39:19.886739Z","level":"error","event":"    - error|e|exception|raise|r|2: for a raised exception","chan":"stderr","logger":"task"}
{"timestamp":"2025-04-28T13:39:19.887161Z","level":"error","event":"","chan":"stderr","logger":"task"}
{"timestamp":"2025-04-28T13:39:19.887681Z","level":"error","event":"Example:","chan":"stderr","logger":"task"}
{"timestamp":"2025-04-28T13:39:19.888188Z","level":"error","event":"    export GIT_PYTHON_REFRESH=quiet","chan":"stderr","logger":"task"}
{"timestamp":"2025-04-28T13:39:19.888759Z","level":"error","event":"","chan":"stderr","logger":"task"}
{"timestamp":"2025-04-28T13:39:19.930403","level":"warning","event":"/home/airflow/.local/lib/python3.12/site-packages/joblib/parallel.py:1359: UserWarning: Loky-backed parallel loops cannot be called in a multiprocessing, setting n_jobs=1\n  n_jobs = self._backend.configure(n_jobs=self.n_jobs, parallel=self,\n","logger":"py.warnings"}
{"timestamp":"2025-04-28T13:39:19.934135Z","level":"info","event":"Fitting 3 folds for each of 20 candidates, totalling 60 fits","chan":"stdout","logger":"task"}
{"timestamp":"2025-04-28T13:39:26.348431Z","level":"info","event":"[CV] END clf__contamination=0.005, clf__max_features=1.0, clf__max_samples=0.8, clf__n_estimators=50; total time=   5.5s","chan":"stdout","logger":"task"}
{"timestamp":"2025-04-28T13:39:29.705149Z","level":"info","event":"[CV] END clf__contamination=0.005, clf__max_features=1.0, clf__max_samples=0.8, clf__n_estimators=50; total time=   2.8s","chan":"stdout","logger":"task"}
{"timestamp":"2025-04-28T13:39:32.692521Z","level":"info","event":"[CV] END clf__contamination=0.005, clf__max_features=1.0, clf__max_samples=0.8, clf__n_estimators=50; total time=   2.3s","chan":"stdout","logger":"task"}
{"timestamp":"2025-04-28T13:39:33.809411Z","level":"info","event":"[CV] END clf__contamination=0.001, clf__max_features=1.0, clf__max_samples=auto, clf__n_estimators=50; total time=   0.8s","chan":"stdout","logger":"task"}
{"timestamp":"2025-04-28T13:39:35.200341Z","level":"info","event":"[CV] END clf__contamination=0.001, clf__max_features=1.0, clf__max_samples=auto, clf__n_estimators=50; total time=   0.8s","chan":"stdout","logger":"task"}
{"timestamp":"2025-04-28T13:39:36.827831Z","level":"info","event":"[CV] END clf__contamination=0.001, clf__max_features=1.0, clf__max_samples=auto, clf__n_estimators=50; total time=   1.2s","chan":"stdout","logger":"task"}
{"timestamp":"2025-04-28T13:39:43.777314Z","level":"info","event":"[CV] END clf__contamination=0.001, clf__max_features=0.5, clf__max_samples=0.8, clf__n_estimators=100; total time=   5.7s","chan":"stdout","logger":"task"}
{"timestamp":"2025-04-28T13:39:52.233913Z","level":"info","event":"[CV] END clf__contamination=0.001, clf__max_features=0.5, clf__max_samples=0.8, clf__n_estimators=100; total time=   7.3s","chan":"stdout","logger":"task"}
{"timestamp":"2025-04-28T13:39:58.207150Z","level":"info","event":"[CV] END clf__contamination=0.001, clf__max_features=0.5, clf__max_samples=0.8, clf__n_estimators=100; total time=   5.0s","chan":"stdout","logger":"task"}
{"timestamp":"2025-04-28T13:40:02.621045Z","level":"info","event":"[CV] END clf__contamination=0.005, clf__max_features=1.0, clf__max_samples=0.8, clf__n_estimators=100; total time=   3.6s","chan":"stdout","logger":"task"}
{"timestamp":"2025-04-28T13:40:08.670132Z","level":"info","event":"[CV] END clf__contamination=0.005, clf__max_features=1.0, clf__max_samples=0.8, clf__n_estimators=100; total time=   4.8s","chan":"stdout","logger":"task"}
{"timestamp":"2025-04-28T13:40:14.079625Z","level":"info","event":"[CV] END clf__contamination=0.005, clf__max_features=1.0, clf__max_samples=0.8, clf__n_estimators=100; total time=   4.4s","chan":"stdout","logger":"task"}
{"timestamp":"2025-04-28T13:40:15.656309Z","level":"info","event":"[CV] END clf__contamination=0.001, clf__max_features=0.5, clf__max_samples=auto, clf__n_estimators=50; total time=   1.1s","chan":"stdout","logger":"task"}
{"timestamp":"2025-04-28T13:40:18.034483Z","level":"info","event":"[CV] END clf__contamination=0.001, clf__max_features=0.5, clf__max_samples=auto, clf__n_estimators=50; total time=   1.3s","chan":"stdout","logger":"task"}
{"timestamp":"2025-04-28T13:40:20.161603Z","level":"info","event":"[CV] END clf__contamination=0.001, clf__max_features=0.5, clf__max_samples=auto, clf__n_estimators=50; total time=   1.7s","chan":"stdout","logger":"task"}
{"timestamp":"2025-04-28T13:40:25.926118Z","level":"info","event":"[CV] END clf__contamination=0.005, clf__max_features=1.0, clf__max_samples=auto, clf__n_estimators=100; total time=   4.8s","chan":"stdout","logger":"task"}
{"timestamp":"2025-04-28T13:40:28.860610Z","level":"info","event":"[CV] END clf__contamination=0.005, clf__max_features=1.0, clf__max_samples=auto, clf__n_estimators=100; total time=   2.2s","chan":"stdout","logger":"task"}
{"timestamp":"2025-04-28T13:40:31.231527Z","level":"info","event":"[CV] END clf__contamination=0.005, clf__max_features=1.0, clf__max_samples=auto, clf__n_estimators=100; total time=   1.7s","chan":"stdout","logger":"task"}
{"timestamp":"2025-04-28T13:40:34.124073Z","level":"info","event":"[CV] END clf__contamination=0.001, clf__max_features=0.8, clf__max_samples=auto, clf__n_estimators=100; total time=   1.9s","chan":"stdout","logger":"task"}
{"timestamp":"2025-04-28T13:40:37.172721Z","level":"info","event":"[CV] END clf__contamination=0.001, clf__max_features=0.8, clf__max_samples=auto, clf__n_estimators=100; total time=   2.3s","chan":"stdout","logger":"task"}
{"timestamp":"2025-04-28T13:40:39.674996Z","level":"info","event":"[CV] END clf__contamination=0.001, clf__max_features=0.8, clf__max_samples=auto, clf__n_estimators=100; total time=   1.6s","chan":"stdout","logger":"task"}
{"timestamp":"2025-04-28T13:40:44.326690Z","level":"info","event":"[CV] END clf__contamination=0.01, clf__max_features=0.8, clf__max_samples=0.5, clf__n_estimators=100; total time=   3.5s","chan":"stdout","logger":"task"}
{"timestamp":"2025-04-28T13:40:49.155538Z","level":"info","event":"[CV] END clf__contamination=0.01, clf__max_features=0.8, clf__max_samples=0.5, clf__n_estimators=100; total time=   3.8s","chan":"stdout","logger":"task"}
{"timestamp":"2025-04-28T13:40:56.186641Z","level":"info","event":"[CV] END clf__contamination=0.01, clf__max_features=0.8, clf__max_samples=0.5, clf__n_estimators=100; total time=   3.3s","chan":"stdout","logger":"task"}
{"timestamp":"2025-04-28T13:41:01.275187Z","level":"info","event":"[CV] END clf__contamination=0.001, clf__max_features=1.0, clf__max_samples=0.8, clf__n_estimators=100; total time=   4.1s","chan":"stdout","logger":"task"}
{"timestamp":"2025-04-28T13:41:10.724761Z","level":"info","event":"[CV] END clf__contamination=0.001, clf__max_features=1.0, clf__max_samples=0.8, clf__n_estimators=100; total time=   7.8s","chan":"stdout","logger":"task"}
{"timestamp":"2025-04-28T13:41:16.127007Z","level":"info","event":"[CV] END clf__contamination=0.001, clf__max_features=1.0, clf__max_samples=0.8, clf__n_estimators=100; total time=   4.2s","chan":"stdout","logger":"task"}
{"timestamp":"2025-04-28T13:41:19.131318Z","level":"info","event":"[CV] END clf__contamination=0.001, clf__max_features=0.8, clf__max_samples=0.8, clf__n_estimators=50; total time=   2.4s","chan":"stdout","logger":"task"}
{"timestamp":"2025-04-28T13:41:22.239028Z","level":"info","event":"[CV] END clf__contamination=0.001, clf__max_features=0.8, clf__max_samples=0.8, clf__n_estimators=50; total time=   2.3s","chan":"stdout","logger":"task"}
{"timestamp":"2025-04-28T13:41:25.530182Z","level":"info","event":"[CV] END clf__contamination=0.001, clf__max_features=0.8, clf__max_samples=0.8, clf__n_estimators=50; total time=   2.9s","chan":"stdout","logger":"task"}
{"timestamp":"2025-04-28T13:41:34.074090Z","level":"info","event":"[CV] END clf__contamination=0.005, clf__max_features=0.5, clf__max_samples=0.8, clf__n_estimators=100; total time=   7.3s","chan":"stdout","logger":"task"}
{"timestamp":"2025-04-28T13:41:39.307704Z","level":"info","event":"[CV] END clf__contamination=0.005, clf__max_features=0.5, clf__max_samples=0.8, clf__n_estimators=100; total time=   4.3s","chan":"stdout","logger":"task"}
{"timestamp":"2025-04-28T13:41:45.480765Z","level":"info","event":"[CV] END clf__contamination=0.005, clf__max_features=0.5, clf__max_samples=0.8, clf__n_estimators=100; total time=   4.7s","chan":"stdout","logger":"task"}
{"timestamp":"2025-04-28T13:41:49.051149Z","level":"info","event":"[CV] END clf__contamination=0.005, clf__max_features=1.0, clf__max_samples=0.5, clf__n_estimators=50; total time=   3.0s","chan":"stdout","logger":"task"}
{"timestamp":"2025-04-28T13:41:51.845558Z","level":"info","event":"[CV] END clf__contamination=0.005, clf__max_features=1.0, clf__max_samples=0.5, clf__n_estimators=50; total time=   2.2s","chan":"stdout","logger":"task"}
{"timestamp":"2025-04-28T13:41:53.926234Z","level":"info","event":"[CV] END clf__contamination=0.005, clf__max_features=1.0, clf__max_samples=0.5, clf__n_estimators=50; total time=   1.6s","chan":"stdout","logger":"task"}
{"timestamp":"2025-04-28T13:42:02.148553Z","level":"info","event":"[CV] END clf__contamination=0.01, clf__max_features=0.8, clf__max_samples=0.8, clf__n_estimators=100; total time=   4.4s","chan":"stdout","logger":"task"}
{"timestamp":"2025-04-28T13:42:07.463740Z","level":"info","event":"[CV] END clf__contamination=0.01, clf__max_features=0.8, clf__max_samples=0.8, clf__n_estimators=100; total time=   3.9s","chan":"stdout","logger":"task"}
{"timestamp":"2025-04-28T13:42:12.635373Z","level":"info","event":"[CV] END clf__contamination=0.01, clf__max_features=0.8, clf__max_samples=0.8, clf__n_estimators=100; total time=   4.1s","chan":"stdout","logger":"task"}
{"timestamp":"2025-04-28T13:42:20.735833Z","level":"info","event":"[CV] END clf__contamination=0.005, clf__max_features=1.0, clf__max_samples=0.5, clf__n_estimators=200; total time=   6.5s","chan":"stdout","logger":"task"}
{"timestamp":"2025-04-28T13:42:34.384986Z","level":"info","event":"[CV] END clf__contamination=0.005, clf__max_features=1.0, clf__max_samples=0.5, clf__n_estimators=200; total time=   8.6s","chan":"stdout","logger":"task"}
{"timestamp":"2025-04-28T13:42:42.726480Z","level":"info","event":"[CV] END clf__contamination=0.005, clf__max_features=1.0, clf__max_samples=0.5, clf__n_estimators=200; total time=   6.7s","chan":"stdout","logger":"task"}
{"timestamp":"2025-04-28T13:42:53.330606Z","level":"info","event":"[CV] END clf__contamination=0.01, clf__max_features=0.8, clf__max_samples=0.8, clf__n_estimators=200; total time=   8.6s","chan":"stdout","logger":"task"}
{"timestamp":"2025-04-28T13:43:04.345081Z","level":"info","event":"[CV] END clf__contamination=0.01, clf__max_features=0.8, clf__max_samples=0.8, clf__n_estimators=200; total time=   8.4s","chan":"stdout","logger":"task"}
{"timestamp":"2025-04-28T13:43:16.662701Z","level":"info","event":"[CV] END clf__contamination=0.01, clf__max_features=0.8, clf__max_samples=0.8, clf__n_estimators=200; total time=  10.1s","chan":"stdout","logger":"task"}
{"timestamp":"2025-04-28T13:43:17.762123Z","level":"info","event":"[CV] END clf__contamination=0.005, clf__max_features=0.5, clf__max_samples=auto, clf__n_estimators=50; total time=   0.8s","chan":"stdout","logger":"task"}
{"timestamp":"2025-04-28T13:43:18.848228Z","level":"info","event":"[CV] END clf__contamination=0.005, clf__max_features=0.5, clf__max_samples=auto, clf__n_estimators=50; total time=   0.8s","chan":"stdout","logger":"task"}
{"timestamp":"2025-04-28T13:43:24.233363Z","level":"info","event":"[CV] END clf__contamination=0.005, clf__max_features=0.5, clf__max_samples=auto, clf__n_estimators=50; total time=   5.1s","chan":"stdout","logger":"task"}
{"timestamp":"2025-04-28T13:43:26.299971Z","level":"info","event":"[CV] END clf__contamination=0.01, clf__max_features=0.5, clf__max_samples=auto, clf__n_estimators=100; total time=   1.4s","chan":"stdout","logger":"task"}
{"timestamp":"2025-04-28T13:43:28.640998Z","level":"info","event":"[CV] END clf__contamination=0.01, clf__max_features=0.5, clf__max_samples=auto, clf__n_estimators=100; total time=   1.7s","chan":"stdout","logger":"task"}
{"timestamp":"2025-04-28T13:43:30.986741Z","level":"info","event":"[CV] END clf__contamination=0.01, clf__max_features=0.5, clf__max_samples=auto, clf__n_estimators=100; total time=   1.6s","chan":"stdout","logger":"task"}
{"timestamp":"2025-04-28T13:43:34.880118Z","level":"info","event":"[CV] END clf__contamination=0.01, clf__max_features=1.0, clf__max_samples=0.5, clf__n_estimators=100; total time=   3.0s","chan":"stdout","logger":"task"}
{"timestamp":"2025-04-28T13:43:40.907261Z","level":"info","event":"[CV] END clf__contamination=0.01, clf__max_features=1.0, clf__max_samples=0.5, clf__n_estimators=100; total time=   4.8s","chan":"stdout","logger":"task"}
{"timestamp":"2025-04-28T13:43:45.739400Z","level":"info","event":"[CV] END clf__contamination=0.01, clf__max_features=1.0, clf__max_samples=0.5, clf__n_estimators=100; total time=   3.8s","chan":"stdout","logger":"task"}
{"timestamp":"2025-04-28T13:43:48.428774Z","level":"info","event":"[CV] END clf__contamination=0.01, clf__max_features=1.0, clf__max_samples=auto, clf__n_estimators=100; total time=   1.8s","chan":"stdout","logger":"task"}
{"timestamp":"2025-04-28T13:43:50.862297Z","level":"info","event":"[CV] END clf__contamination=0.01, clf__max_features=1.0, clf__max_samples=auto, clf__n_estimators=100; total time=   1.8s","chan":"stdout","logger":"task"}
{"timestamp":"2025-04-28T13:43:52.739030Z","level":"info","event":"[CV] END clf__contamination=0.01, clf__max_features=1.0, clf__max_samples=auto, clf__n_estimators=100; total time=   1.3s","chan":"stdout","logger":"task"}
{"timestamp":"2025-04-28T13:43:58.312648Z","level":"info","event":"[CV] END clf__contamination=0.005, clf__max_features=0.8, clf__max_samples=0.8, clf__n_estimators=100; total time=   4.5s","chan":"stdout","logger":"task"}
{"timestamp":"2025-04-28T13:44:03.286338Z","level":"info","event":"[CV] END clf__contamination=0.005, clf__max_features=0.8, clf__max_samples=0.8, clf__n_estimators=100; total time=   3.9s","chan":"stdout","logger":"task"}
{"timestamp":"2025-04-28T13:44:08.768470Z","level":"info","event":"[CV] END clf__contamination=0.005, clf__max_features=0.8, clf__max_samples=0.8, clf__n_estimators=100; total time=   4.5s","chan":"stdout","logger":"task"}
{"timestamp":"2025-04-28T13:44:17.855238","level":"warning","event":"/home/airflow/.local/lib/python3.12/site-packages/sklearn/base.py:486: UserWarning: X has feature names, but IsolationForest was fitted without feature names\n  warnings.warn(\n","logger":"py.warnings"}
{"timestamp":"2025-04-28T13:44:18.884372","level":"warning","event":"/home/airflow/.local/lib/python3.12/site-packages/sklearn/base.py:486: UserWarning: X has feature names, but IsolationForest was fitted without feature names\n  warnings.warn(\n","logger":"py.warnings"}
{"timestamp":"2025-04-28T13:44:39.827904Z","level":"error","event":"\rDownloading artifacts:   0%|          | 0/7 [00:00<?, ?it/s]\rDownloading artifacts:  14%|█▍        | 1/7 [00:00<00:00, 346.09it/s]\rDownloading artifacts:  29%|██▊       | 2/7 [00:00<00:00, 598.67it/s]\rDownloading artifacts:  43%|████▎     | 3/7 [00:00<00:00, 880.23it/s]\rDownloading artifacts:  57%|█████▋    | 4/7 [00:00<00:00, 1149.36it/s]\rDownloading artifacts:  71%|███████▏  | 5/7 [00:00<00:00, 1413.18it/s]\rDownloading artifacts:  86%|████████▌ | 6/7 [00:00<00:00, 1673.37it/s]\rDownloading artifacts: 100%|██████████| 7/7 [00:00<00:00, 1928.80it/s]\rDownloading artifacts: 100%|██████████| 7/7 [00:00<00:00, 1750.13it/s]","chan":"stderr","logger":"task"}
{"timestamp":"2025-04-28T13:44:39.951888Z","level":"info","event":" Best params: {'clf__n_estimators': 100, 'clf__max_samples': 0.8, 'clf__max_features': 0.5, 'clf__contamination': 0.005}","chan":"stdout","logger":"task"}
{"timestamp":"2025-04-28T13:44:39.993567","level":"info","event":"Done. Returned value was: None","logger":"airflow.task.operators.airflow.providers.standard.operators.python.PythonOperator"}
