{"timestamp":"2025-04-29T09:37:14.488898","level":"info","event":"DAG bundles loaded: dags-folder","logger":"airflow.dag_processing.bundles.manager.DagBundlesManager"}
{"timestamp":"2025-04-29T09:37:14.490709","level":"info","event":"Filling up the DagBag from /opt/airflow/dags/Newdag.py","logger":"airflow.models.dagbag.DagBag"}
{"timestamp":"2025-04-29T09:37:20.010916","level":"info","event":"Using categorical units to plot a list of strings that are all parsable as floats or dates. If these strings should be plotted as numbers, cast to the appropriate data type before plotting.","logger":"matplotlib.category"}
{"timestamp":"2025-04-29T09:37:20.012956","level":"info","event":"Using categorical units to plot a list of strings that are all parsable as floats or dates. If these strings should be plotted as numbers, cast to the appropriate data type before plotting.","logger":"matplotlib.category"}
{"timestamp":"2025-04-29T09:37:20.421947Z","level":"error","event":"2025/04/29 09:37:20 WARNING mlflow.utils.git_utils: Failed to import Git (the Git executable is probably not on your PATH), so Git SHA is not available. Error: Failed to initialize: Bad git executable.","chan":"stderr","logger":"task"}
{"timestamp":"2025-04-29T09:37:20.422374Z","level":"error","event":"The git executable must be specified in one of the following ways:","chan":"stderr","logger":"task"}
{"timestamp":"2025-04-29T09:37:20.422733Z","level":"error","event":"    - be included in your $PATH","chan":"stderr","logger":"task"}
{"timestamp":"2025-04-29T09:37:20.423058Z","level":"error","event":"    - be set via $GIT_PYTHON_GIT_EXECUTABLE","chan":"stderr","logger":"task"}
{"timestamp":"2025-04-29T09:37:20.423457Z","level":"error","event":"    - explicitly set via git.refresh(<full-path-to-git-executable>)","chan":"stderr","logger":"task"}
{"timestamp":"2025-04-29T09:37:20.423778Z","level":"error","event":"","chan":"stderr","logger":"task"}
{"timestamp":"2025-04-29T09:37:20.424092Z","level":"error","event":"All git commands will error until this is rectified.","chan":"stderr","logger":"task"}
{"timestamp":"2025-04-29T09:37:20.424414Z","level":"error","event":"","chan":"stderr","logger":"task"}
{"timestamp":"2025-04-29T09:37:20.424735Z","level":"error","event":"This initial message can be silenced or aggravated in the future by setting the","chan":"stderr","logger":"task"}
{"timestamp":"2025-04-29T09:37:20.425164Z","level":"error","event":"$GIT_PYTHON_REFRESH environment variable. Use one of the following values:","chan":"stderr","logger":"task"}
{"timestamp":"2025-04-29T09:37:20.425568Z","level":"error","event":"    - quiet|q|silence|s|silent|none|n|0: for no message or exception","chan":"stderr","logger":"task"}
{"timestamp":"2025-04-29T09:37:20.425906Z","level":"error","event":"    - warn|w|warning|log|l|1: for a warning message (logging level CRITICAL, displayed by default)","chan":"stderr","logger":"task"}
{"timestamp":"2025-04-29T09:37:20.426505Z","level":"error","event":"    - error|e|exception|raise|r|2: for a raised exception","chan":"stderr","logger":"task"}
{"timestamp":"2025-04-29T09:37:20.426769Z","level":"error","event":"","chan":"stderr","logger":"task"}
{"timestamp":"2025-04-29T09:37:20.427089Z","level":"error","event":"Example:","chan":"stderr","logger":"task"}
{"timestamp":"2025-04-29T09:37:20.427346Z","level":"error","event":"    export GIT_PYTHON_REFRESH=quiet","chan":"stderr","logger":"task"}
{"timestamp":"2025-04-29T09:37:20.427637Z","level":"error","event":"","chan":"stderr","logger":"task"}
{"timestamp":"2025-04-29T09:37:21.814417","level":"warning","event":"/home/airflow/.local/lib/python3.12/site-packages/joblib/parallel.py:1359: UserWarning: Loky-backed parallel loops cannot be called in a multiprocessing, setting n_jobs=1\n  n_jobs = self._backend.configure(n_jobs=self.n_jobs, parallel=self,\n","logger":"py.warnings"}
{"timestamp":"2025-04-29T09:37:21.817319Z","level":"info","event":"Fitting 3 folds for each of 20 candidates, totalling 60 fits","chan":"stdout","logger":"task"}
{"timestamp":"2025-04-29T09:37:29.880356Z","level":"info","event":"[CV] END clf__contamination=0.005, clf__max_features=1.0, clf__max_samples=0.8, clf__n_estimators=50; total time=   7.2s","chan":"stdout","logger":"task"}
{"timestamp":"2025-04-29T09:37:34.852698Z","level":"info","event":"[CV] END clf__contamination=0.005, clf__max_features=1.0, clf__max_samples=0.8, clf__n_estimators=50; total time=   4.0s","chan":"stdout","logger":"task"}
{"timestamp":"2025-04-29T09:37:38.524982Z","level":"info","event":"[CV] END clf__contamination=0.005, clf__max_features=1.0, clf__max_samples=0.8, clf__n_estimators=50; total time=   3.0s","chan":"stdout","logger":"task"}
{"timestamp":"2025-04-29T09:37:40.029538Z","level":"info","event":"[CV] END clf__contamination=0.001, clf__max_features=1.0, clf__max_samples=auto, clf__n_estimators=50; total time=   1.0s","chan":"stdout","logger":"task"}
{"timestamp":"2025-04-29T09:37:41.399498Z","level":"info","event":"[CV] END clf__contamination=0.001, clf__max_features=1.0, clf__max_samples=auto, clf__n_estimators=50; total time=   0.9s","chan":"stdout","logger":"task"}
{"timestamp":"2025-04-29T09:37:42.867853Z","level":"info","event":"[CV] END clf__contamination=0.001, clf__max_features=1.0, clf__max_samples=auto, clf__n_estimators=50; total time=   0.7s","chan":"stdout","logger":"task"}
{"timestamp":"2025-04-29T09:37:47.085018Z","level":"info","event":"[CV] END clf__contamination=0.001, clf__max_features=0.5, clf__max_samples=0.8, clf__n_estimators=100; total time=   3.2s","chan":"stdout","logger":"task"}
{"timestamp":"2025-04-29T09:37:52.433803Z","level":"info","event":"[CV] END clf__contamination=0.001, clf__max_features=0.5, clf__max_samples=0.8, clf__n_estimators=100; total time=   4.3s","chan":"stdout","logger":"task"}
{"timestamp":"2025-04-29T09:38:07.720463Z","level":"info","event":"[CV] END clf__contamination=0.001, clf__max_features=0.5, clf__max_samples=0.8, clf__n_estimators=100; total time=  13.0s","chan":"stdout","logger":"task"}
{"timestamp":"2025-04-29T09:38:17.144063Z","level":"info","event":"[CV] END clf__contamination=0.005, clf__max_features=1.0, clf__max_samples=0.8, clf__n_estimators=100; total time=   7.6s","chan":"stdout","logger":"task"}
{"timestamp":"2025-04-29T09:38:23.831848Z","level":"info","event":"[CV] END clf__contamination=0.005, clf__max_features=1.0, clf__max_samples=0.8, clf__n_estimators=100; total time=   5.7s","chan":"stdout","logger":"task"}
{"timestamp":"2025-04-29T09:38:29.111073Z","level":"info","event":"[CV] END clf__contamination=0.005, clf__max_features=1.0, clf__max_samples=0.8, clf__n_estimators=100; total time=   4.3s","chan":"stdout","logger":"task"}
{"timestamp":"2025-04-29T09:38:30.374150Z","level":"info","event":"[CV] END clf__contamination=0.001, clf__max_features=0.5, clf__max_samples=auto, clf__n_estimators=50; total time=   0.9s","chan":"stdout","logger":"task"}
{"timestamp":"2025-04-29T09:38:31.719418Z","level":"info","event":"[CV] END clf__contamination=0.001, clf__max_features=0.5, clf__max_samples=auto, clf__n_estimators=50; total time=   0.9s","chan":"stdout","logger":"task"}
{"timestamp":"2025-04-29T09:38:33.016462Z","level":"info","event":"[CV] END clf__contamination=0.001, clf__max_features=0.5, clf__max_samples=auto, clf__n_estimators=50; total time=   0.9s","chan":"stdout","logger":"task"}
{"timestamp":"2025-04-29T09:38:35.783033Z","level":"info","event":"[CV] END clf__contamination=0.005, clf__max_features=1.0, clf__max_samples=auto, clf__n_estimators=100; total time=   1.5s","chan":"stdout","logger":"task"}
{"timestamp":"2025-04-29T09:38:38.081342Z","level":"info","event":"[CV] END clf__contamination=0.005, clf__max_features=1.0, clf__max_samples=auto, clf__n_estimators=100; total time=   1.6s","chan":"stdout","logger":"task"}
{"timestamp":"2025-04-29T09:38:41.160633Z","level":"info","event":"[CV] END clf__contamination=0.005, clf__max_features=1.0, clf__max_samples=auto, clf__n_estimators=100; total time=   2.0s","chan":"stdout","logger":"task"}
{"timestamp":"2025-04-29T09:38:45.303889Z","level":"info","event":"[CV] END clf__contamination=0.001, clf__max_features=0.8, clf__max_samples=auto, clf__n_estimators=100; total time=   2.9s","chan":"stdout","logger":"task"}
{"timestamp":"2025-04-29T09:38:48.882918Z","level":"info","event":"[CV] END clf__contamination=0.001, clf__max_features=0.8, clf__max_samples=auto, clf__n_estimators=100; total time=   2.2s","chan":"stdout","logger":"task"}
{"timestamp":"2025-04-29T09:38:53.844037Z","level":"info","event":"[CV] END clf__contamination=0.001, clf__max_features=0.8, clf__max_samples=auto, clf__n_estimators=100; total time=   2.2s","chan":"stdout","logger":"task"}
{"timestamp":"2025-04-29T09:39:02.812583Z","level":"info","event":"[CV] END clf__contamination=0.01, clf__max_features=0.8, clf__max_samples=0.5, clf__n_estimators=100; total time=   7.5s","chan":"stdout","logger":"task"}
{"timestamp":"2025-04-29T09:39:13.252457Z","level":"info","event":"[CV] END clf__contamination=0.01, clf__max_features=0.8, clf__max_samples=0.5, clf__n_estimators=100; total time=   9.3s","chan":"stdout","logger":"task"}
{"timestamp":"2025-04-29T09:39:19.408645Z","level":"info","event":"[CV] END clf__contamination=0.01, clf__max_features=0.8, clf__max_samples=0.5, clf__n_estimators=100; total time=   4.8s","chan":"stdout","logger":"task"}
{"timestamp":"2025-04-29T09:39:25.974437Z","level":"info","event":"[CV] END clf__contamination=0.001, clf__max_features=1.0, clf__max_samples=0.8, clf__n_estimators=100; total time=   5.3s","chan":"stdout","logger":"task"}
{"timestamp":"2025-04-29T09:39:33.623033Z","level":"info","event":"[CV] END clf__contamination=0.001, clf__max_features=1.0, clf__max_samples=0.8, clf__n_estimators=100; total time=   6.1s","chan":"stdout","logger":"task"}
{"timestamp":"2025-04-29T09:39:42.998154Z","level":"info","event":"[CV] END clf__contamination=0.001, clf__max_features=1.0, clf__max_samples=0.8, clf__n_estimators=100; total time=   8.2s","chan":"stdout","logger":"task"}
{"timestamp":"2025-04-29T09:39:46.821759Z","level":"info","event":"[CV] END clf__contamination=0.001, clf__max_features=0.8, clf__max_samples=0.8, clf__n_estimators=50; total time=   3.0s","chan":"stdout","logger":"task"}
{"timestamp":"2025-04-29T09:39:49.965353Z","level":"info","event":"[CV] END clf__contamination=0.001, clf__max_features=0.8, clf__max_samples=0.8, clf__n_estimators=50; total time=   2.6s","chan":"stdout","logger":"task"}
{"timestamp":"2025-04-29T09:39:52.634888Z","level":"info","event":"[CV] END clf__contamination=0.001, clf__max_features=0.8, clf__max_samples=0.8, clf__n_estimators=50; total time=   2.1s","chan":"stdout","logger":"task"}
{"timestamp":"2025-04-29T09:39:59.822979Z","level":"info","event":"[CV] END clf__contamination=0.005, clf__max_features=0.5, clf__max_samples=0.8, clf__n_estimators=100; total time=   6.1s","chan":"stdout","logger":"task"}
{"timestamp":"2025-04-29T09:40:05.900047Z","level":"info","event":"[CV] END clf__contamination=0.005, clf__max_features=0.5, clf__max_samples=0.8, clf__n_estimators=100; total time=   5.0s","chan":"stdout","logger":"task"}
{"timestamp":"2025-04-29T09:40:11.468761Z","level":"info","event":"[CV] END clf__contamination=0.005, clf__max_features=0.5, clf__max_samples=0.8, clf__n_estimators=100; total time=   4.3s","chan":"stdout","logger":"task"}
{"timestamp":"2025-04-29T09:40:15.583941Z","level":"info","event":"[CV] END clf__contamination=0.005, clf__max_features=1.0, clf__max_samples=0.5, clf__n_estimators=50; total time=   3.0s","chan":"stdout","logger":"task"}
{"timestamp":"2025-04-29T09:40:20.182173Z","level":"info","event":"[CV] END clf__contamination=0.005, clf__max_features=1.0, clf__max_samples=0.5, clf__n_estimators=50; total time=   3.5s","chan":"stdout","logger":"task"}
{"timestamp":"2025-04-29T09:40:23.321339Z","level":"info","event":"[CV] END clf__contamination=0.005, clf__max_features=1.0, clf__max_samples=0.5, clf__n_estimators=50; total time=   2.4s","chan":"stdout","logger":"task"}
{"timestamp":"2025-04-29T09:40:32.291024Z","level":"info","event":"[CV] END clf__contamination=0.01, clf__max_features=0.8, clf__max_samples=0.8, clf__n_estimators=100; total time=   7.8s","chan":"stdout","logger":"task"}
{"timestamp":"2025-04-29T09:40:38.659253Z","level":"info","event":"[CV] END clf__contamination=0.01, clf__max_features=0.8, clf__max_samples=0.8, clf__n_estimators=100; total time=   5.2s","chan":"stdout","logger":"task"}
{"timestamp":"2025-04-29T09:40:44.242792Z","level":"info","event":"[CV] END clf__contamination=0.01, clf__max_features=0.8, clf__max_samples=0.8, clf__n_estimators=100; total time=   4.2s","chan":"stdout","logger":"task"}
{"timestamp":"2025-04-29T09:40:52.152488Z","level":"info","event":"[CV] END clf__contamination=0.005, clf__max_features=1.0, clf__max_samples=0.5, clf__n_estimators=200; total time=   6.2s","chan":"stdout","logger":"task"}
{"timestamp":"2025-04-29T09:41:06.710381Z","level":"info","event":"[CV] END clf__contamination=0.005, clf__max_features=1.0, clf__max_samples=0.5, clf__n_estimators=200; total time=  12.1s","chan":"stdout","logger":"task"}
{"timestamp":"2025-04-29T09:41:17.269345Z","level":"info","event":"[CV] END clf__contamination=0.005, clf__max_features=1.0, clf__max_samples=0.5, clf__n_estimators=200; total time=   8.3s","chan":"stdout","logger":"task"}
{"timestamp":"2025-04-29T09:41:28.137572Z","level":"info","event":"[CV] END clf__contamination=0.01, clf__max_features=0.8, clf__max_samples=0.8, clf__n_estimators=200; total time=   8.5s","chan":"stdout","logger":"task"}
{"timestamp":"2025-04-29T09:41:44.044986Z","level":"info","event":"[CV] END clf__contamination=0.01, clf__max_features=0.8, clf__max_samples=0.8, clf__n_estimators=200; total time=  12.0s","chan":"stdout","logger":"task"}
{"timestamp":"2025-04-29T09:41:56.528638Z","level":"info","event":"[CV] END clf__contamination=0.01, clf__max_features=0.8, clf__max_samples=0.8, clf__n_estimators=200; total time=   9.9s","chan":"stdout","logger":"task"}
{"timestamp":"2025-04-29T09:41:57.693074Z","level":"info","event":"[CV] END clf__contamination=0.005, clf__max_features=0.5, clf__max_samples=auto, clf__n_estimators=50; total time=   0.8s","chan":"stdout","logger":"task"}
{"timestamp":"2025-04-29T09:41:58.791863Z","level":"info","event":"[CV] END clf__contamination=0.005, clf__max_features=0.5, clf__max_samples=auto, clf__n_estimators=50; total time=   0.8s","chan":"stdout","logger":"task"}
{"timestamp":"2025-04-29T09:41:59.895839Z","level":"info","event":"[CV] END clf__contamination=0.005, clf__max_features=0.5, clf__max_samples=auto, clf__n_estimators=50; total time=   0.8s","chan":"stdout","logger":"task"}
{"timestamp":"2025-04-29T09:42:01.980791Z","level":"info","event":"[CV] END clf__contamination=0.01, clf__max_features=0.5, clf__max_samples=auto, clf__n_estimators=100; total time=   1.4s","chan":"stdout","logger":"task"}
{"timestamp":"2025-04-29T09:42:06.948012Z","level":"info","event":"[CV] END clf__contamination=0.01, clf__max_features=0.5, clf__max_samples=auto, clf__n_estimators=100; total time=   0.9s","chan":"stdout","logger":"task"}
{"timestamp":"2025-04-29T09:42:09.071337Z","level":"info","event":"[CV] END clf__contamination=0.01, clf__max_features=0.5, clf__max_samples=auto, clf__n_estimators=100; total time=   1.5s","chan":"stdout","logger":"task"}
{"timestamp":"2025-04-29T09:42:13.364683Z","level":"info","event":"[CV] END clf__contamination=0.01, clf__max_features=1.0, clf__max_samples=0.5, clf__n_estimators=100; total time=   3.2s","chan":"stdout","logger":"task"}
{"timestamp":"2025-04-29T09:42:21.128921Z","level":"info","event":"[CV] END clf__contamination=0.01, clf__max_features=1.0, clf__max_samples=0.5, clf__n_estimators=100; total time=   5.9s","chan":"stdout","logger":"task"}
{"timestamp":"2025-04-29T09:42:27.382033Z","level":"info","event":"[CV] END clf__contamination=0.01, clf__max_features=1.0, clf__max_samples=0.5, clf__n_estimators=100; total time=   4.7s","chan":"stdout","logger":"task"}
{"timestamp":"2025-04-29T09:42:29.481578Z","level":"info","event":"[CV] END clf__contamination=0.01, clf__max_features=1.0, clf__max_samples=auto, clf__n_estimators=100; total time=   1.5s","chan":"stdout","logger":"task"}
{"timestamp":"2025-04-29T09:42:31.503361Z","level":"info","event":"[CV] END clf__contamination=0.01, clf__max_features=1.0, clf__max_samples=auto, clf__n_estimators=100; total time=   1.4s","chan":"stdout","logger":"task"}
{"timestamp":"2025-04-29T09:42:33.932984Z","level":"info","event":"[CV] END clf__contamination=0.01, clf__max_features=1.0, clf__max_samples=auto, clf__n_estimators=100; total time=   1.5s","chan":"stdout","logger":"task"}
{"timestamp":"2025-04-29T09:42:44.793976Z","level":"info","event":"[CV] END clf__contamination=0.005, clf__max_features=0.8, clf__max_samples=0.8, clf__n_estimators=100; total time=   8.8s","chan":"stdout","logger":"task"}
{"timestamp":"2025-04-29T09:43:03.223561Z","level":"info","event":"[CV] END clf__contamination=0.005, clf__max_features=0.8, clf__max_samples=0.8, clf__n_estimators=100; total time=  14.2s","chan":"stdout","logger":"task"}
{"timestamp":"2025-04-29T09:43:19.839751Z","level":"info","event":"[CV] END clf__contamination=0.005, clf__max_features=0.8, clf__max_samples=0.8, clf__n_estimators=100; total time=  14.1s","chan":"stdout","logger":"task"}
{"timestamp":"2025-04-29T09:43:29.971313","level":"warning","event":"/home/airflow/.local/lib/python3.12/site-packages/sklearn/base.py:486: UserWarning: X has feature names, but IsolationForest was fitted without feature names\n  warnings.warn(\n","logger":"py.warnings"}
{"timestamp":"2025-04-29T09:43:30.815384","level":"warning","event":"/home/airflow/.local/lib/python3.12/site-packages/sklearn/base.py:486: UserWarning: X has feature names, but IsolationForest was fitted without feature names\n  warnings.warn(\n","logger":"py.warnings"}
{"timestamp":"2025-04-29T09:43:48.209822Z","level":"error","event":"\rDownloading artifacts:   0%|          | 0/7 [00:00<?, ?it/s]\rDownloading artifacts:  14%|█▍        | 1/7 [00:00<00:00, 266.15it/s]\rDownloading artifacts:  29%|██▊       | 2/7 [00:00<00:00, 503.52it/s]\rDownloading artifacts:  43%|████▎     | 3/7 [00:00<00:00, 729.91it/s]\rDownloading artifacts:  57%|█████▋    | 4/7 [00:00<00:00, 920.26it/s]\rDownloading artifacts:  71%|███████▏  | 5/7 [00:00<00:00, 1132.62it/s]\rDownloading artifacts:  86%|████████▌ | 6/7 [00:00<00:00, 1342.32it/s]\rDownloading artifacts: 100%|██████████| 7/7 [00:00<00:00, 33.05it/s]  \rDownloading artifacts: 100%|██████████| 7/7 [00:00<00:00, 33.05it/s]\rDownloading artifacts: 100%|██████████| 7/7 [00:00<00:00, 32.95it/s]","chan":"stderr","logger":"task"}
{"timestamp":"2025-04-29T09:43:48.367976Z","level":"info","event":" Best params: {'clf__n_estimators': 100, 'clf__max_samples': 0.8, 'clf__max_features': 0.5, 'clf__contamination': 0.005}","chan":"stdout","logger":"task"}
{"timestamp":"2025-04-29T09:43:48.502410","level":"info","event":"Done. Returned value was: None","logger":"airflow.task.operators.airflow.providers.standard.operators.python.PythonOperator"}
