{"timestamp":"2025-04-28T14:06:03.891374","level":"info","event":"DAG bundles loaded: dags-folder","logger":"airflow.dag_processing.bundles.manager.DagBundlesManager"}
{"timestamp":"2025-04-28T14:06:03.894290","level":"info","event":"Filling up the DagBag from /opt/airflow/dags/Newdag.py","logger":"airflow.models.dagbag.DagBag"}
{"timestamp":"2025-04-28T14:06:10.352428Z","level":"error","event":"2025/04/28 14:06:09 INFO mlflow.tracking.fluent: Experiment with name 'FraudDetection' does not exist. Creating a new experiment.","chan":"stderr","logger":"task"}
{"timestamp":"2025-04-28T14:06:10.352919Z","level":"error","event":"2025/04/28 14:06:10 WARNING mlflow.utils.git_utils: Failed to import Git (the Git executable is probably not on your PATH), so Git SHA is not available. Error: Failed to initialize: Bad git executable.","chan":"stderr","logger":"task"}
{"timestamp":"2025-04-28T14:06:10.353402Z","level":"error","event":"The git executable must be specified in one of the following ways:","chan":"stderr","logger":"task"}
{"timestamp":"2025-04-28T14:06:10.353743Z","level":"error","event":"    - be included in your $PATH","chan":"stderr","logger":"task"}
{"timestamp":"2025-04-28T14:06:10.354138Z","level":"error","event":"    - be set via $GIT_PYTHON_GIT_EXECUTABLE","chan":"stderr","logger":"task"}
{"timestamp":"2025-04-28T14:06:10.354512Z","level":"error","event":"    - explicitly set via git.refresh(<full-path-to-git-executable>)","chan":"stderr","logger":"task"}
{"timestamp":"2025-04-28T14:06:10.354851Z","level":"error","event":"","chan":"stderr","logger":"task"}
{"timestamp":"2025-04-28T14:06:10.355280Z","level":"error","event":"All git commands will error until this is rectified.","chan":"stderr","logger":"task"}
{"timestamp":"2025-04-28T14:06:10.355701Z","level":"error","event":"","chan":"stderr","logger":"task"}
{"timestamp":"2025-04-28T14:06:10.356049Z","level":"error","event":"This initial message can be silenced or aggravated in the future by setting the","chan":"stderr","logger":"task"}
{"timestamp":"2025-04-28T14:06:10.356352Z","level":"error","event":"$GIT_PYTHON_REFRESH environment variable. Use one of the following values:","chan":"stderr","logger":"task"}
{"timestamp":"2025-04-28T14:06:10.356677Z","level":"error","event":"    - quiet|q|silence|s|silent|none|n|0: for no message or exception","chan":"stderr","logger":"task"}
{"timestamp":"2025-04-28T14:06:10.356976Z","level":"error","event":"    - warn|w|warning|log|l|1: for a warning message (logging level CRITICAL, displayed by default)","chan":"stderr","logger":"task"}
{"timestamp":"2025-04-28T14:06:10.357233Z","level":"error","event":"    - error|e|exception|raise|r|2: for a raised exception","chan":"stderr","logger":"task"}
{"timestamp":"2025-04-28T14:06:10.357517Z","level":"error","event":"","chan":"stderr","logger":"task"}
{"timestamp":"2025-04-28T14:06:10.357827Z","level":"error","event":"Example:","chan":"stderr","logger":"task"}
{"timestamp":"2025-04-28T14:06:10.358107Z","level":"error","event":"    export GIT_PYTHON_REFRESH=quiet","chan":"stderr","logger":"task"}
{"timestamp":"2025-04-28T14:06:10.358361Z","level":"error","event":"","chan":"stderr","logger":"task"}
{"timestamp":"2025-04-28T14:06:10.429944","level":"warning","event":"/home/airflow/.local/lib/python3.12/site-packages/joblib/parallel.py:1359: UserWarning: Loky-backed parallel loops cannot be called in a multiprocessing, setting n_jobs=1\n  n_jobs = self._backend.configure(n_jobs=self.n_jobs, parallel=self,\n","logger":"py.warnings"}
{"timestamp":"2025-04-28T14:06:10.432036Z","level":"info","event":"Fitting 3 folds for each of 20 candidates, totalling 60 fits","chan":"stdout","logger":"task"}
{"timestamp":"2025-04-28T14:06:19.175058Z","level":"info","event":"[CV] END clf__contamination=0.005, clf__max_features=1.0, clf__max_samples=0.8, clf__n_estimators=50; total time=   7.2s","chan":"stdout","logger":"task"}
{"timestamp":"2025-04-28T14:06:25.888344Z","level":"info","event":"[CV] END clf__contamination=0.005, clf__max_features=1.0, clf__max_samples=0.8, clf__n_estimators=50; total time=   5.5s","chan":"stdout","logger":"task"}
{"timestamp":"2025-04-28T14:06:57.597826Z","level":"info","event":"[CV] END clf__contamination=0.005, clf__max_features=1.0, clf__max_samples=0.8, clf__n_estimators=50; total time=  23.8s","chan":"stdout","logger":"task"}
{"timestamp":"2025-04-28T14:07:00.721624Z","level":"info","event":"[CV] END clf__contamination=0.001, clf__max_features=1.0, clf__max_samples=auto, clf__n_estimators=50; total time=   6.1s","chan":"stdout","logger":"task"}
{"timestamp":"2025-04-28T14:07:03.598946Z","level":"info","event":"[CV] END clf__contamination=0.001, clf__max_features=1.0, clf__max_samples=auto, clf__n_estimators=50; total time=   1.8s","chan":"stdout","logger":"task"}
{"timestamp":"2025-04-28T14:07:09.257544Z","level":"info","event":"[CV] END clf__contamination=0.001, clf__max_features=1.0, clf__max_samples=auto, clf__n_estimators=50; total time=   4.5s","chan":"stdout","logger":"task"}
{"timestamp":"2025-04-28T14:07:19.215273Z","level":"info","event":"[CV] END clf__contamination=0.001, clf__max_features=0.5, clf__max_samples=0.8, clf__n_estimators=100; total time=   8.6s","chan":"stdout","logger":"task"}
{"timestamp":"2025-04-28T14:07:24.431064Z","level":"info","event":"[CV] END clf__contamination=0.001, clf__max_features=0.5, clf__max_samples=0.8, clf__n_estimators=100; total time=   4.1s","chan":"stdout","logger":"task"}
{"timestamp":"2025-04-28T14:07:30.269074Z","level":"info","event":"[CV] END clf__contamination=0.001, clf__max_features=0.5, clf__max_samples=0.8, clf__n_estimators=100; total time=   4.7s","chan":"stdout","logger":"task"}
{"timestamp":"2025-04-28T14:07:35.085146Z","level":"info","event":"[CV] END clf__contamination=0.005, clf__max_features=1.0, clf__max_samples=0.8, clf__n_estimators=100; total time=   3.7s","chan":"stdout","logger":"task"}
{"timestamp":"2025-04-28T14:07:44.406360Z","level":"info","event":"[CV] END clf__contamination=0.005, clf__max_features=1.0, clf__max_samples=0.8, clf__n_estimators=100; total time=   7.9s","chan":"stdout","logger":"task"}
{"timestamp":"2025-04-28T14:07:50.345324Z","level":"info","event":"[CV] END clf__contamination=0.005, clf__max_features=1.0, clf__max_samples=0.8, clf__n_estimators=100; total time=   5.1s","chan":"stdout","logger":"task"}
{"timestamp":"2025-04-28T14:07:51.946331Z","level":"info","event":"[CV] END clf__contamination=0.001, clf__max_features=0.5, clf__max_samples=auto, clf__n_estimators=50; total time=   1.0s","chan":"stdout","logger":"task"}
{"timestamp":"2025-04-28T14:07:53.791589Z","level":"info","event":"[CV] END clf__contamination=0.001, clf__max_features=0.5, clf__max_samples=auto, clf__n_estimators=50; total time=   1.2s","chan":"stdout","logger":"task"}
{"timestamp":"2025-04-28T14:07:55.794913Z","level":"info","event":"[CV] END clf__contamination=0.001, clf__max_features=0.5, clf__max_samples=auto, clf__n_estimators=50; total time=   1.3s","chan":"stdout","logger":"task"}
{"timestamp":"2025-04-28T14:07:58.633409Z","level":"info","event":"[CV] END clf__contamination=0.005, clf__max_features=1.0, clf__max_samples=auto, clf__n_estimators=100; total time=   2.0s","chan":"stdout","logger":"task"}
{"timestamp":"2025-04-28T14:08:01.111406Z","level":"info","event":"[CV] END clf__contamination=0.005, clf__max_features=1.0, clf__max_samples=auto, clf__n_estimators=100; total time=   1.5s","chan":"stdout","logger":"task"}
{"timestamp":"2025-04-28T14:08:03.197359Z","level":"info","event":"[CV] END clf__contamination=0.005, clf__max_features=1.0, clf__max_samples=auto, clf__n_estimators=100; total time=   1.4s","chan":"stdout","logger":"task"}
{"timestamp":"2025-04-28T14:08:05.724418Z","level":"info","event":"[CV] END clf__contamination=0.001, clf__max_features=0.8, clf__max_samples=auto, clf__n_estimators=100; total time=   1.8s","chan":"stdout","logger":"task"}
{"timestamp":"2025-04-28T14:08:08.236054Z","level":"info","event":"[CV] END clf__contamination=0.001, clf__max_features=0.8, clf__max_samples=auto, clf__n_estimators=100; total time=   1.7s","chan":"stdout","logger":"task"}
{"timestamp":"2025-04-28T14:08:13.562274Z","level":"info","event":"[CV] END clf__contamination=0.001, clf__max_features=0.8, clf__max_samples=auto, clf__n_estimators=100; total time=   1.5s","chan":"stdout","logger":"task"}
{"timestamp":"2025-04-28T14:08:19.158746Z","level":"info","event":"[CV] END clf__contamination=0.01, clf__max_features=0.8, clf__max_samples=0.5, clf__n_estimators=100; total time=   4.0s","chan":"stdout","logger":"task"}
{"timestamp":"2025-04-28T14:08:24.723355Z","level":"info","event":"[CV] END clf__contamination=0.01, clf__max_features=0.8, clf__max_samples=0.5, clf__n_estimators=100; total time=   4.1s","chan":"stdout","logger":"task"}
{"timestamp":"2025-04-28T14:08:29.713431Z","level":"info","event":"[CV] END clf__contamination=0.01, clf__max_features=0.8, clf__max_samples=0.5, clf__n_estimators=100; total time=   3.9s","chan":"stdout","logger":"task"}
{"timestamp":"2025-04-28T14:08:36.529742Z","level":"info","event":"[CV] END clf__contamination=0.001, clf__max_features=1.0, clf__max_samples=0.8, clf__n_estimators=100; total time=   5.8s","chan":"stdout","logger":"task"}
{"timestamp":"2025-04-28T14:08:47.362202Z","level":"info","event":"[CV] END clf__contamination=0.001, clf__max_features=1.0, clf__max_samples=0.8, clf__n_estimators=100; total time=   9.7s","chan":"stdout","logger":"task"}
{"timestamp":"2025-04-28T14:08:51.667853Z","level":"info","event":"[CV] END clf__contamination=0.001, clf__max_features=1.0, clf__max_samples=0.8, clf__n_estimators=100; total time=   3.4s","chan":"stdout","logger":"task"}
{"timestamp":"2025-04-28T14:08:54.626599Z","level":"info","event":"[CV] END clf__contamination=0.001, clf__max_features=0.8, clf__max_samples=0.8, clf__n_estimators=50; total time=   2.3s","chan":"stdout","logger":"task"}
{"timestamp":"2025-04-28T14:08:57.780473Z","level":"info","event":"[CV] END clf__contamination=0.001, clf__max_features=0.8, clf__max_samples=0.8, clf__n_estimators=50; total time=   2.5s","chan":"stdout","logger":"task"}
{"timestamp":"2025-04-28T14:09:01.158218Z","level":"info","event":"[CV] END clf__contamination=0.001, clf__max_features=0.8, clf__max_samples=0.8, clf__n_estimators=50; total time=   2.6s","chan":"stdout","logger":"task"}
{"timestamp":"2025-04-28T14:09:06.852959Z","level":"info","event":"[CV] END clf__contamination=0.005, clf__max_features=0.5, clf__max_samples=0.8, clf__n_estimators=100; total time=   4.7s","chan":"stdout","logger":"task"}
{"timestamp":"2025-04-28T14:09:12.609347Z","level":"info","event":"[CV] END clf__contamination=0.005, clf__max_features=0.5, clf__max_samples=0.8, clf__n_estimators=100; total time=   4.1s","chan":"stdout","logger":"task"}
{"timestamp":"2025-04-28T14:09:23.156802Z","level":"info","event":"[CV] END clf__contamination=0.005, clf__max_features=0.5, clf__max_samples=0.8, clf__n_estimators=100; total time=   9.1s","chan":"stdout","logger":"task"}
{"timestamp":"2025-04-28T14:09:25.820958Z","level":"info","event":"[CV] END clf__contamination=0.005, clf__max_features=1.0, clf__max_samples=0.5, clf__n_estimators=50; total time=   2.1s","chan":"stdout","logger":"task"}
{"timestamp":"2025-04-28T14:09:28.287048Z","level":"info","event":"[CV] END clf__contamination=0.005, clf__max_features=1.0, clf__max_samples=0.5, clf__n_estimators=50; total time=   2.0s","chan":"stdout","logger":"task"}
{"timestamp":"2025-04-28T14:09:30.465089Z","level":"info","event":"[CV] END clf__contamination=0.005, clf__max_features=1.0, clf__max_samples=0.5, clf__n_estimators=50; total time=   1.7s","chan":"stdout","logger":"task"}
{"timestamp":"2025-04-28T14:09:37.026456Z","level":"info","event":"[CV] END clf__contamination=0.01, clf__max_features=0.8, clf__max_samples=0.8, clf__n_estimators=100; total time=   4.5s","chan":"stdout","logger":"task"}
{"timestamp":"2025-04-28T14:09:45.044790Z","level":"info","event":"[CV] END clf__contamination=0.01, clf__max_features=0.8, clf__max_samples=0.8, clf__n_estimators=100; total time=   5.9s","chan":"stdout","logger":"task"}
{"timestamp":"2025-04-28T14:09:55.696612Z","level":"info","event":"[CV] END clf__contamination=0.01, clf__max_features=0.8, clf__max_samples=0.8, clf__n_estimators=100; total time=   8.8s","chan":"stdout","logger":"task"}
{"timestamp":"2025-04-28T14:10:09.156067Z","level":"info","event":"[CV] END clf__contamination=0.005, clf__max_features=1.0, clf__max_samples=0.5, clf__n_estimators=200; total time=  11.4s","chan":"stdout","logger":"task"}
{"timestamp":"2025-04-28T14:10:19.239775Z","level":"info","event":"[CV] END clf__contamination=0.005, clf__max_features=1.0, clf__max_samples=0.5, clf__n_estimators=200; total time=   7.7s","chan":"stdout","logger":"task"}
{"timestamp":"2025-04-28T14:10:33.312410Z","level":"info","event":"[CV] END clf__contamination=0.005, clf__max_features=1.0, clf__max_samples=0.5, clf__n_estimators=200; total time=  11.8s","chan":"stdout","logger":"task"}
{"timestamp":"2025-04-28T14:10:48.838890Z","level":"info","event":"[CV] END clf__contamination=0.01, clf__max_features=0.8, clf__max_samples=0.8, clf__n_estimators=200; total time=  13.1s","chan":"stdout","logger":"task"}
{"timestamp":"2025-04-28T14:11:04.294248Z","level":"info","event":"[CV] END clf__contamination=0.01, clf__max_features=0.8, clf__max_samples=0.8, clf__n_estimators=200; total time=  12.7s","chan":"stdout","logger":"task"}
{"timestamp":"2025-04-28T14:11:15.393458Z","level":"info","event":"[CV] END clf__contamination=0.01, clf__max_features=0.8, clf__max_samples=0.8, clf__n_estimators=200; total time=   8.9s","chan":"stdout","logger":"task"}
{"timestamp":"2025-04-28T14:11:16.579097Z","level":"info","event":"[CV] END clf__contamination=0.005, clf__max_features=0.5, clf__max_samples=auto, clf__n_estimators=50; total time=   0.8s","chan":"stdout","logger":"task"}
{"timestamp":"2025-04-28T14:11:17.922307Z","level":"info","event":"[CV] END clf__contamination=0.005, clf__max_features=0.5, clf__max_samples=auto, clf__n_estimators=50; total time=   0.9s","chan":"stdout","logger":"task"}
{"timestamp":"2025-04-28T14:11:19.279168Z","level":"info","event":"[CV] END clf__contamination=0.005, clf__max_features=0.5, clf__max_samples=auto, clf__n_estimators=50; total time=   0.9s","chan":"stdout","logger":"task"}
{"timestamp":"2025-04-28T14:11:21.885315Z","level":"info","event":"[CV] END clf__contamination=0.01, clf__max_features=0.5, clf__max_samples=auto, clf__n_estimators=100; total time=   1.8s","chan":"stdout","logger":"task"}
{"timestamp":"2025-04-28T14:11:24.550915Z","level":"info","event":"[CV] END clf__contamination=0.01, clf__max_features=0.5, clf__max_samples=auto, clf__n_estimators=100; total time=   1.8s","chan":"stdout","logger":"task"}
{"timestamp":"2025-04-28T14:11:26.416574Z","level":"info","event":"[CV] END clf__contamination=0.01, clf__max_features=0.5, clf__max_samples=auto, clf__n_estimators=100; total time=   1.4s","chan":"stdout","logger":"task"}
{"timestamp":"2025-04-28T14:11:33.588106Z","level":"info","event":"[CV] END clf__contamination=0.01, clf__max_features=1.0, clf__max_samples=0.5, clf__n_estimators=100; total time=   6.1s","chan":"stdout","logger":"task"}
{"timestamp":"2025-04-28T14:11:37.751390Z","level":"info","event":"[CV] END clf__contamination=0.01, clf__max_features=1.0, clf__max_samples=0.5, clf__n_estimators=100; total time=   3.2s","chan":"stdout","logger":"task"}
{"timestamp":"2025-04-28T14:11:41.873271Z","level":"info","event":"[CV] END clf__contamination=0.01, clf__max_features=1.0, clf__max_samples=0.5, clf__n_estimators=100; total time=   3.1s","chan":"stdout","logger":"task"}
{"timestamp":"2025-04-28T14:11:44.007661Z","level":"info","event":"[CV] END clf__contamination=0.01, clf__max_features=1.0, clf__max_samples=auto, clf__n_estimators=100; total time=   1.4s","chan":"stdout","logger":"task"}
{"timestamp":"2025-04-28T14:11:46.042559Z","level":"info","event":"[CV] END clf__contamination=0.01, clf__max_features=1.0, clf__max_samples=auto, clf__n_estimators=100; total time=   1.5s","chan":"stdout","logger":"task"}
{"timestamp":"2025-04-28T14:11:47.727321Z","level":"info","event":"[CV] END clf__contamination=0.01, clf__max_features=1.0, clf__max_samples=auto, clf__n_estimators=100; total time=   1.1s","chan":"stdout","logger":"task"}
{"timestamp":"2025-04-28T14:11:52.858138Z","level":"info","event":"[CV] END clf__contamination=0.005, clf__max_features=0.8, clf__max_samples=0.8, clf__n_estimators=100; total time=   4.1s","chan":"stdout","logger":"task"}
{"timestamp":"2025-04-28T14:11:58.974375Z","level":"info","event":"[CV] END clf__contamination=0.005, clf__max_features=0.8, clf__max_samples=0.8, clf__n_estimators=100; total time=   4.8s","chan":"stdout","logger":"task"}
{"timestamp":"2025-04-28T14:12:08.025324Z","level":"info","event":"[CV] END clf__contamination=0.005, clf__max_features=0.8, clf__max_samples=0.8, clf__n_estimators=100; total time=   8.0s","chan":"stdout","logger":"task"}
{"timestamp":"2025-04-28T14:12:14.698496","level":"warning","event":"/home/airflow/.local/lib/python3.12/site-packages/sklearn/base.py:486: UserWarning: X has feature names, but IsolationForest was fitted without feature names\n  warnings.warn(\n","logger":"py.warnings"}
{"timestamp":"2025-04-28T14:12:15.954804","level":"warning","event":"/home/airflow/.local/lib/python3.12/site-packages/sklearn/base.py:486: UserWarning: X has feature names, but IsolationForest was fitted without feature names\n  warnings.warn(\n","logger":"py.warnings"}
{"timestamp":"2025-04-28T14:12:39.858560Z","level":"error","event":"\rDownloading artifacts:   0%|          | 0/7 [00:00<?, ?it/s]\rDownloading artifacts:  14%|█▍        | 1/7 [00:00<00:00, 233.44it/s]\rDownloading artifacts:  29%|██▊       | 2/7 [00:00<00:00, 413.31it/s]\rDownloading artifacts:  43%|████▎     | 3/7 [00:00<00:00, 598.27it/s]\rDownloading artifacts:  57%|█████▋    | 4/7 [00:00<00:00, 774.36it/s]\rDownloading artifacts:  71%|███████▏  | 5/7 [00:00<00:00, 940.13it/s]\rDownloading artifacts:  86%|████████▌ | 6/7 [00:00<00:00, 1098.22it/s]\rDownloading artifacts: 100%|██████████| 7/7 [00:00<00:00, 16.04it/s]  \rDownloading artifacts: 100%|██████████| 7/7 [00:00<00:00, 16.04it/s]\rDownloading artifacts: 100%|██████████| 7/7 [00:00<00:00, 15.99it/s]","chan":"stderr","logger":"task"}
{"timestamp":"2025-04-28T14:12:42.453631Z","level":"info","event":" Best params: {'clf__n_estimators': 100, 'clf__max_samples': 0.8, 'clf__max_features': 0.5, 'clf__contamination': 0.005}","chan":"stdout","logger":"task"}
{"timestamp":"2025-04-28T14:12:42.761144","level":"info","event":"Done. Returned value was: None","logger":"airflow.task.operators.airflow.providers.standard.operators.python.PythonOperator"}
