{"timestamp":"2025-04-28T12:32:06.833717","level":"info","event":"DAG bundles loaded: dags-folder","logger":"airflow.dag_processing.bundles.manager.DagBundlesManager"}
{"timestamp":"2025-04-28T12:32:06.839732","level":"info","event":"Filling up the DagBag from /opt/airflow/dags/Newdag.py","logger":"airflow.models.dagbag.DagBag"}
{"timestamp":"2025-04-28T12:32:22.419907Z","level":"error","event":"2025/04/28 12:32:22 INFO mlflow.tracking.fluent: Experiment with name 'FraudDetection' does not exist. Creating a new experiment.","chan":"stderr","logger":"task"}
{"timestamp":"2025-04-28T12:32:22.951642Z","level":"error","event":"2025/04/28 12:32:22 WARNING mlflow.utils.git_utils: Failed to import Git (the Git executable is probably not on your PATH), so Git SHA is not available. Error: Failed to initialize: Bad git executable.","chan":"stderr","logger":"task"}
{"timestamp":"2025-04-28T12:32:22.952516Z","level":"error","event":"The git executable must be specified in one of the following ways:","chan":"stderr","logger":"task"}
{"timestamp":"2025-04-28T12:32:22.953096Z","level":"error","event":"    - be included in your $PATH","chan":"stderr","logger":"task"}
{"timestamp":"2025-04-28T12:32:22.953656Z","level":"error","event":"    - be set via $GIT_PYTHON_GIT_EXECUTABLE","chan":"stderr","logger":"task"}
{"timestamp":"2025-04-28T12:32:22.954217Z","level":"error","event":"    - explicitly set via git.refresh(<full-path-to-git-executable>)","chan":"stderr","logger":"task"}
{"timestamp":"2025-04-28T12:32:22.954870Z","level":"error","event":"","chan":"stderr","logger":"task"}
{"timestamp":"2025-04-28T12:32:22.955463Z","level":"error","event":"All git commands will error until this is rectified.","chan":"stderr","logger":"task"}
{"timestamp":"2025-04-28T12:32:22.956046Z","level":"error","event":"","chan":"stderr","logger":"task"}
{"timestamp":"2025-04-28T12:32:22.956507Z","level":"error","event":"This initial message can be silenced or aggravated in the future by setting the","chan":"stderr","logger":"task"}
{"timestamp":"2025-04-28T12:32:22.957025Z","level":"error","event":"$GIT_PYTHON_REFRESH environment variable. Use one of the following values:","chan":"stderr","logger":"task"}
{"timestamp":"2025-04-28T12:32:22.957432Z","level":"error","event":"    - quiet|q|silence|s|silent|none|n|0: for no message or exception","chan":"stderr","logger":"task"}
{"timestamp":"2025-04-28T12:32:22.957954Z","level":"error","event":"    - warn|w|warning|log|l|1: for a warning message (logging level CRITICAL, displayed by default)","chan":"stderr","logger":"task"}
{"timestamp":"2025-04-28T12:32:22.958454Z","level":"error","event":"    - error|e|exception|raise|r|2: for a raised exception","chan":"stderr","logger":"task"}
{"timestamp":"2025-04-28T12:32:22.958904Z","level":"error","event":"","chan":"stderr","logger":"task"}
{"timestamp":"2025-04-28T12:32:22.959478Z","level":"error","event":"Example:","chan":"stderr","logger":"task"}
{"timestamp":"2025-04-28T12:32:22.959993Z","level":"error","event":"    export GIT_PYTHON_REFRESH=quiet","chan":"stderr","logger":"task"}
{"timestamp":"2025-04-28T12:32:22.960695Z","level":"error","event":"","chan":"stderr","logger":"task"}
{"timestamp":"2025-04-28T12:32:22.995541","level":"warning","event":"/home/airflow/.local/lib/python3.12/site-packages/joblib/parallel.py:1359: UserWarning: Loky-backed parallel loops cannot be called in a multiprocessing, setting n_jobs=1\n  n_jobs = self._backend.configure(n_jobs=self.n_jobs, parallel=self,\n","logger":"py.warnings"}
{"timestamp":"2025-04-28T12:32:22.998889Z","level":"info","event":"Fitting 3 folds for each of 20 candidates, totalling 60 fits","chan":"stdout","logger":"task"}
{"timestamp":"2025-04-28T12:32:31.494838Z","level":"info","event":"[CV] END clf__contamination=0.005, clf__max_features=1.0, clf__max_samples=0.8, clf__n_estimators=50; total time=   7.6s","chan":"stdout","logger":"task"}
{"timestamp":"2025-04-28T12:32:36.487129Z","level":"info","event":"[CV] END clf__contamination=0.005, clf__max_features=1.0, clf__max_samples=0.8, clf__n_estimators=50; total time=   4.0s","chan":"stdout","logger":"task"}
{"timestamp":"2025-04-28T12:32:42.740420Z","level":"info","event":"[CV] END clf__contamination=0.005, clf__max_features=1.0, clf__max_samples=0.8, clf__n_estimators=50; total time=   4.2s","chan":"stdout","logger":"task"}
{"timestamp":"2025-04-28T12:32:43.747749Z","level":"info","event":"[CV] END clf__contamination=0.001, clf__max_features=1.0, clf__max_samples=auto, clf__n_estimators=50; total time=   1.6s","chan":"stdout","logger":"task"}
{"timestamp":"2025-04-28T12:32:45.951883Z","level":"info","event":"[CV] END clf__contamination=0.001, clf__max_features=1.0, clf__max_samples=auto, clf__n_estimators=50; total time=   1.4s","chan":"stdout","logger":"task"}
{"timestamp":"2025-04-28T12:32:51.164348Z","level":"info","event":"[CV] END clf__contamination=0.001, clf__max_features=1.0, clf__max_samples=auto, clf__n_estimators=50; total time=   4.5s","chan":"stdout","logger":"task"}
{"timestamp":"2025-04-28T12:33:03.710578Z","level":"info","event":"[CV] END clf__contamination=0.001, clf__max_features=0.5, clf__max_samples=0.8, clf__n_estimators=100; total time=  10.3s","chan":"stdout","logger":"task"}
{"timestamp":"2025-04-28T12:33:13.791852Z","level":"info","event":"[CV] END clf__contamination=0.001, clf__max_features=0.5, clf__max_samples=0.8, clf__n_estimators=100; total time=   8.1s","chan":"stdout","logger":"task"}
{"timestamp":"2025-04-28T12:33:27.125057Z","level":"info","event":"[CV] END clf__contamination=0.001, clf__max_features=0.5, clf__max_samples=0.8, clf__n_estimators=100; total time=  11.5s","chan":"stdout","logger":"task"}
{"timestamp":"2025-04-28T12:33:38.959273Z","level":"info","event":"[CV] END clf__contamination=0.005, clf__max_features=1.0, clf__max_samples=0.8, clf__n_estimators=100; total time=   9.2s","chan":"stdout","logger":"task"}
{"timestamp":"2025-04-28T12:33:49.870191Z","level":"info","event":"[CV] END clf__contamination=0.005, clf__max_features=1.0, clf__max_samples=0.8, clf__n_estimators=100; total time=   9.1s","chan":"stdout","logger":"task"}
{"timestamp":"2025-04-28T12:34:02.003431Z","level":"info","event":"[CV] END clf__contamination=0.005, clf__max_features=1.0, clf__max_samples=0.8, clf__n_estimators=100; total time=  10.4s","chan":"stdout","logger":"task"}
{"timestamp":"2025-04-28T12:34:04.303896Z","level":"info","event":"[CV] END clf__contamination=0.001, clf__max_features=0.5, clf__max_samples=auto, clf__n_estimators=50; total time=   1.5s","chan":"stdout","logger":"task"}
{"timestamp":"2025-04-28T12:34:06.289423Z","level":"info","event":"[CV] END clf__contamination=0.001, clf__max_features=0.5, clf__max_samples=auto, clf__n_estimators=50; total time=   1.3s","chan":"stdout","logger":"task"}
{"timestamp":"2025-04-28T12:34:08.607057Z","level":"info","event":"[CV] END clf__contamination=0.001, clf__max_features=0.5, clf__max_samples=auto, clf__n_estimators=50; total time=   1.7s","chan":"stdout","logger":"task"}
{"timestamp":"2025-04-28T12:34:12.549538Z","level":"info","event":"[CV] END clf__contamination=0.005, clf__max_features=1.0, clf__max_samples=auto, clf__n_estimators=100; total time=   2.6s","chan":"stdout","logger":"task"}
{"timestamp":"2025-04-28T12:34:16.519898Z","level":"info","event":"[CV] END clf__contamination=0.005, clf__max_features=1.0, clf__max_samples=auto, clf__n_estimators=100; total time=   2.6s","chan":"stdout","logger":"task"}
{"timestamp":"2025-04-28T12:34:20.930995Z","level":"info","event":"[CV] END clf__contamination=0.005, clf__max_features=1.0, clf__max_samples=auto, clf__n_estimators=100; total time=   3.3s","chan":"stdout","logger":"task"}
{"timestamp":"2025-04-28T12:34:28.944028Z","level":"info","event":"[CV] END clf__contamination=0.001, clf__max_features=0.8, clf__max_samples=auto, clf__n_estimators=100; total time=   3.9s","chan":"stdout","logger":"task"}
{"timestamp":"2025-04-28T12:34:34.177629Z","level":"info","event":"[CV] END clf__contamination=0.001, clf__max_features=0.8, clf__max_samples=auto, clf__n_estimators=100; total time=   3.6s","chan":"stdout","logger":"task"}
{"timestamp":"2025-04-28T12:34:38.418232Z","level":"info","event":"[CV] END clf__contamination=0.001, clf__max_features=0.8, clf__max_samples=auto, clf__n_estimators=100; total time=   3.0s","chan":"stdout","logger":"task"}
{"timestamp":"2025-04-28T12:34:49.041987Z","level":"info","event":"[CV] END clf__contamination=0.01, clf__max_features=0.8, clf__max_samples=0.5, clf__n_estimators=100; total time=   8.4s","chan":"stdout","logger":"task"}
{"timestamp":"2025-04-28T12:35:01.195901Z","level":"info","event":"[CV] END clf__contamination=0.01, clf__max_features=0.8, clf__max_samples=0.5, clf__n_estimators=100; total time=   7.3s","chan":"stdout","logger":"task"}
{"timestamp":"2025-04-28T12:35:11.274124Z","level":"info","event":"[CV] END clf__contamination=0.01, clf__max_features=0.8, clf__max_samples=0.5, clf__n_estimators=100; total time=   8.1s","chan":"stdout","logger":"task"}
{"timestamp":"2025-04-28T12:35:21.039368Z","level":"info","event":"[CV] END clf__contamination=0.001, clf__max_features=1.0, clf__max_samples=0.8, clf__n_estimators=100; total time=   7.9s","chan":"stdout","logger":"task"}
{"timestamp":"2025-04-28T12:35:30.605705Z","level":"info","event":"[CV] END clf__contamination=0.001, clf__max_features=1.0, clf__max_samples=0.8, clf__n_estimators=100; total time=   7.7s","chan":"stdout","logger":"task"}
{"timestamp":"2025-04-28T12:35:44.005811Z","level":"info","event":"[CV] END clf__contamination=0.001, clf__max_features=1.0, clf__max_samples=0.8, clf__n_estimators=100; total time=  11.3s","chan":"stdout","logger":"task"}
{"timestamp":"2025-04-28T12:35:50.167169Z","level":"info","event":"[CV] END clf__contamination=0.001, clf__max_features=0.8, clf__max_samples=0.8, clf__n_estimators=50; total time=   4.6s","chan":"stdout","logger":"task"}
{"timestamp":"2025-04-28T12:35:56.264404Z","level":"info","event":"[CV] END clf__contamination=0.001, clf__max_features=0.8, clf__max_samples=0.8, clf__n_estimators=50; total time=   4.9s","chan":"stdout","logger":"task"}
{"timestamp":"2025-04-28T12:36:01.534901Z","level":"info","event":"[CV] END clf__contamination=0.001, clf__max_features=0.8, clf__max_samples=0.8, clf__n_estimators=50; total time=   4.2s","chan":"stdout","logger":"task"}
{"timestamp":"2025-04-28T12:36:14.956016Z","level":"info","event":"[CV] END clf__contamination=0.005, clf__max_features=0.5, clf__max_samples=0.8, clf__n_estimators=100; total time=  11.4s","chan":"stdout","logger":"task"}
{"timestamp":"2025-04-28T12:36:25.520506Z","level":"info","event":"[CV] END clf__contamination=0.005, clf__max_features=0.5, clf__max_samples=0.8, clf__n_estimators=100; total time=   8.7s","chan":"stdout","logger":"task"}
{"timestamp":"2025-04-28T12:36:39.708690Z","level":"info","event":"[CV] END clf__contamination=0.005, clf__max_features=0.5, clf__max_samples=0.8, clf__n_estimators=100; total time=   9.5s","chan":"stdout","logger":"task"}
{"timestamp":"2025-04-28T12:36:45.080349Z","level":"info","event":"[CV] END clf__contamination=0.005, clf__max_features=1.0, clf__max_samples=0.5, clf__n_estimators=50; total time=   4.2s","chan":"stdout","logger":"task"}
{"timestamp":"2025-04-28T12:36:50.600103Z","level":"info","event":"[CV] END clf__contamination=0.005, clf__max_features=1.0, clf__max_samples=0.5, clf__n_estimators=50; total time=   4.3s","chan":"stdout","logger":"task"}
{"timestamp":"2025-04-28T12:36:55.039759Z","level":"info","event":"[CV] END clf__contamination=0.005, clf__max_features=1.0, clf__max_samples=0.5, clf__n_estimators=50; total time=   3.4s","chan":"stdout","logger":"task"}
{"timestamp":"2025-04-28T12:37:06.358082Z","level":"info","event":"[CV] END clf__contamination=0.01, clf__max_features=0.8, clf__max_samples=0.8, clf__n_estimators=100; total time=   9.1s","chan":"stdout","logger":"task"}
{"timestamp":"2025-04-28T12:37:21.168635Z","level":"info","event":"[CV] END clf__contamination=0.01, clf__max_features=0.8, clf__max_samples=0.8, clf__n_estimators=100; total time=  12.2s","chan":"stdout","logger":"task"}
{"timestamp":"2025-04-28T12:37:33.720563Z","level":"info","event":"[CV] END clf__contamination=0.01, clf__max_features=0.8, clf__max_samples=0.8, clf__n_estimators=100; total time=   9.9s","chan":"stdout","logger":"task"}
{"timestamp":"2025-04-28T12:37:54.034836Z","level":"info","event":"[CV] END clf__contamination=0.005, clf__max_features=1.0, clf__max_samples=0.5, clf__n_estimators=200; total time=  16.7s","chan":"stdout","logger":"task"}
{"timestamp":"2025-04-28T12:38:13.575761Z","level":"info","event":"[CV] END clf__contamination=0.005, clf__max_features=1.0, clf__max_samples=0.5, clf__n_estimators=200; total time=  15.5s","chan":"stdout","logger":"task"}
{"timestamp":"2025-04-28T12:38:33.985640Z","level":"info","event":"[CV] END clf__contamination=0.005, clf__max_features=1.0, clf__max_samples=0.5, clf__n_estimators=200; total time=  16.4s","chan":"stdout","logger":"task"}
{"timestamp":"2025-04-28T12:39:00.028470Z","level":"info","event":"[CV] END clf__contamination=0.01, clf__max_features=0.8, clf__max_samples=0.8, clf__n_estimators=200; total time=  21.3s","chan":"stdout","logger":"task"}
{"timestamp":"2025-04-28T12:39:24.168648Z","level":"info","event":"[CV] END clf__contamination=0.01, clf__max_features=0.8, clf__max_samples=0.8, clf__n_estimators=200; total time=  17.2s","chan":"stdout","logger":"task"}
{"timestamp":"2025-04-28T12:39:47.283766Z","level":"info","event":"[CV] END clf__contamination=0.01, clf__max_features=0.8, clf__max_samples=0.8, clf__n_estimators=200; total time=  19.1s","chan":"stdout","logger":"task"}
{"timestamp":"2025-04-28T12:39:50.088399Z","level":"info","event":"[CV] END clf__contamination=0.005, clf__max_features=0.5, clf__max_samples=auto, clf__n_estimators=50; total time=   2.0s","chan":"stdout","logger":"task"}
{"timestamp":"2025-04-28T12:39:52.400948Z","level":"info","event":"[CV] END clf__contamination=0.005, clf__max_features=0.5, clf__max_samples=auto, clf__n_estimators=50; total time=   1.6s","chan":"stdout","logger":"task"}
{"timestamp":"2025-04-28T12:39:57.028877Z","level":"info","event":"[CV] END clf__contamination=0.005, clf__max_features=0.5, clf__max_samples=auto, clf__n_estimators=50; total time=   4.0s","chan":"stdout","logger":"task"}
{"timestamp":"2025-04-28T12:40:01.141128Z","level":"info","event":"[CV] END clf__contamination=0.01, clf__max_features=0.5, clf__max_samples=auto, clf__n_estimators=100; total time=   2.9s","chan":"stdout","logger":"task"}
{"timestamp":"2025-04-28T12:40:05.223879Z","level":"info","event":"[CV] END clf__contamination=0.01, clf__max_features=0.5, clf__max_samples=auto, clf__n_estimators=100; total time=   3.0s","chan":"stdout","logger":"task"}
{"timestamp":"2025-04-28T12:40:09.941441Z","level":"info","event":"[CV] END clf__contamination=0.01, clf__max_features=0.5, clf__max_samples=auto, clf__n_estimators=100; total time=   3.2s","chan":"stdout","logger":"task"}
{"timestamp":"2025-04-28T12:40:19.405815Z","level":"info","event":"[CV] END clf__contamination=0.01, clf__max_features=1.0, clf__max_samples=0.5, clf__n_estimators=100; total time=   7.6s","chan":"stdout","logger":"task"}
{"timestamp":"2025-04-28T12:40:32.092961Z","level":"info","event":"[CV] END clf__contamination=0.01, clf__max_features=1.0, clf__max_samples=0.5, clf__n_estimators=100; total time=  10.8s","chan":"stdout","logger":"task"}
{"timestamp":"2025-04-28T12:40:40.743976Z","level":"info","event":"[CV] END clf__contamination=0.01, clf__max_features=1.0, clf__max_samples=0.5, clf__n_estimators=100; total time=   6.6s","chan":"stdout","logger":"task"}
{"timestamp":"2025-04-28T12:40:44.268665Z","level":"info","event":"[CV] END clf__contamination=0.01, clf__max_features=1.0, clf__max_samples=auto, clf__n_estimators=100; total time=   2.4s","chan":"stdout","logger":"task"}
{"timestamp":"2025-04-28T12:40:47.993050Z","level":"info","event":"[CV] END clf__contamination=0.01, clf__max_features=1.0, clf__max_samples=auto, clf__n_estimators=100; total time=   2.5s","chan":"stdout","logger":"task"}
{"timestamp":"2025-04-28T12:40:52.449924Z","level":"info","event":"[CV] END clf__contamination=0.01, clf__max_features=1.0, clf__max_samples=auto, clf__n_estimators=100; total time=   3.1s","chan":"stdout","logger":"task"}
{"timestamp":"2025-04-28T12:41:05.995645Z","level":"info","event":"[CV] END clf__contamination=0.005, clf__max_features=0.8, clf__max_samples=0.8, clf__n_estimators=100; total time=  11.3s","chan":"stdout","logger":"task"}
{"timestamp":"2025-04-28T12:41:16.139951Z","level":"info","event":"[CV] END clf__contamination=0.005, clf__max_features=0.8, clf__max_samples=0.8, clf__n_estimators=100; total time=   8.2s","chan":"stdout","logger":"task"}
{"timestamp":"2025-04-28T12:41:25.136386Z","level":"info","event":"[CV] END clf__contamination=0.005, clf__max_features=0.8, clf__max_samples=0.8, clf__n_estimators=100; total time=   7.2s","chan":"stdout","logger":"task"}
{"timestamp":"2025-04-28T12:41:39.303010","level":"warning","event":"/home/airflow/.local/lib/python3.12/site-packages/sklearn/base.py:486: UserWarning: X has feature names, but IsolationForest was fitted without feature names\n  warnings.warn(\n","logger":"py.warnings"}
{"timestamp":"2025-04-28T12:41:40.987641","level":"warning","event":"/home/airflow/.local/lib/python3.12/site-packages/sklearn/base.py:486: UserWarning: X has feature names, but IsolationForest was fitted without feature names\n  warnings.warn(\n","logger":"py.warnings"}
{"timestamp":"2025-04-28T12:42:12.266372Z","level":"error","event":"\rDownloading artifacts:   0%|          | 0/7 [00:00<?, ?it/s]\rDownloading artifacts:  14%|█▍        | 1/7 [00:00<00:00, 232.99it/s]\rDownloading artifacts:  29%|██▊       | 2/7 [00:00<00:00, 411.97it/s]\rDownloading artifacts:  43%|████▎     | 3/7 [00:00<00:00, 604.60it/s]\rDownloading artifacts:  57%|█████▋    | 4/7 [00:00<00:00, 788.03it/s]\rDownloading artifacts:  71%|███████▏  | 5/7 [00:00<00:00, 968.35it/s]\rDownloading artifacts:  86%|████████▌ | 6/7 [00:00<00:00, 1146.25it/s]\rDownloading artifacts: 100%|██████████| 7/7 [00:00<00:00, 1319.91it/s]\rDownloading artifacts: 100%|██████████| 7/7 [00:00<00:00, 1273.87it/s]","chan":"stderr","logger":"task"}
{"timestamp":"2025-04-28T12:42:12.517904Z","level":"info","event":" Best params: {'clf__n_estimators': 100, 'clf__max_samples': 0.8, 'clf__max_features': 0.5, 'clf__contamination': 0.005}","chan":"stdout","logger":"task"}
{"timestamp":"2025-04-28T12:42:12.595474","level":"info","event":"Done. Returned value was: None","logger":"airflow.task.operators.airflow.providers.standard.operators.python.PythonOperator"}
